Component: ARM Compiler 5.06 update 1 (build 61) Tool: armlink [4d35a8]

==============================================================================

Section Cross References

    main.o(i.main) refers to bsp.o(i.systick_init) for systick_init
    main.o(i.main) refers to comm_uart.o(i.Comm_UART_Init) for Comm_UART_Init
    main.o(i.main) refers to gps_uart.o(i.GPS_UART_Init) for GPS_UART_Init
    main.o(i.main) refers to application.o(i.GPS_App_GetData) for GPS_App_GetData
    main.o(i.main) refers to bsp.o(i.DelayMs) for DelayMs
    comm_uart.o(i.Comm_FeedbackLoop) refers to comm_uart.o(i.Is_Comm_rx_Available) for Is_Comm_rx_Available
    comm_uart.o(i.Comm_FeedbackLoop) refers to comm_uart.o(i.Comm_ReadFrom_rx_Buff) for Comm_ReadFrom_rx_Buff
    comm_uart.o(i.Comm_FeedbackLoop) refers to comm_uart.o(i.Comm_StoreIn_tx_Buff) for Comm_StoreIn_tx_Buff
    comm_uart.o(i.Comm_ReadFrom_rx_Buff) refers to comm_uart.o(.bss) for comm_rx
    comm_uart.o(i.Comm_SendStringIn_tx_Buff) refers to comm_uart.o(i.Comm_StoreIn_tx_Buff) for Comm_StoreIn_tx_Buff
    comm_uart.o(i.Comm_StoreIn_rx_Buff) refers to comm_uart.o(.bss) for comm_rx
    comm_uart.o(i.Comm_StoreIn_tx_Buff) refers to comm_uart.o(.bss) for comm_tx
    comm_uart.o(i.Comm_UART_Flush) refers to rt_memclr_w.o(.text) for __aeabi_memclr4
    comm_uart.o(i.Comm_UART_Flush) refers to comm_uart.o(.bss) for comm_rx
    comm_uart.o(i.Is_Comm_rx_Available) refers to comm_uart.o(.bss) for comm_rx
    comm_uart.o(i.USART1_IRQHandler) refers to comm_uart.o(i.Comm_StoreIn_rx_Buff) for Comm_StoreIn_rx_Buff
    comm_uart.o(i.USART1_IRQHandler) refers to comm_uart.o(.bss) for comm_tx
    gps_uart.o(i.GPS_CheckForString) refers to bsp.o(i.DelayMs) for DelayMs
    gps_uart.o(i.GPS_CheckForString) refers to strlen.o(.text) for strlen
    gps_uart.o(i.GPS_CheckForString) refers to gps_uart.o(.bss) for GPS_rx
    gps_uart.o(i.GPS_CopyFrame) refers to strlen.o(.text) for strlen
    gps_uart.o(i.GPS_CopyFrame) refers to gps_uart.o(i.GPS_UART_Flush) for GPS_UART_Flush
    gps_uart.o(i.GPS_CopyFrame) refers to gps_uart.o(.bss) for GPS_rx
    gps_uart.o(i.GPS_FeedbackLoop) refers to gps_uart.o(i.Is_GPS_rx_Available) for Is_GPS_rx_Available
    gps_uart.o(i.GPS_FeedbackLoop) refers to gps_uart.o(i.GPS_ReadFrom_rx_Buff) for GPS_ReadFrom_rx_Buff
    gps_uart.o(i.GPS_FeedbackLoop) refers to gps_uart.o(i.GPS_StoreIn_tx_Buff) for GPS_StoreIn_tx_Buff
    gps_uart.o(i.GPS_ReadFrom_rx_Buff) refers to gps_uart.o(.bss) for GPS_rx
    gps_uart.o(i.GPS_SendStringIn_tx_Buff) refers to gps_uart.o(i.GPS_StoreIn_tx_Buff) for GPS_StoreIn_tx_Buff
    gps_uart.o(i.GPS_StoreIn_rx_Buff) refers to gps_uart.o(.bss) for GPS_rx
    gps_uart.o(i.GPS_StoreIn_tx_Buff) refers to gps_uart.o(.bss) for GPS_tx
    gps_uart.o(i.GPS_UART_Flush) refers to rt_memclr_w.o(.text) for __aeabi_memclr4
    gps_uart.o(i.GPS_UART_Flush) refers to gps_uart.o(.bss) for GPS_rx
    gps_uart.o(i.Is_GPS_rx_Available) refers to gps_uart.o(.bss) for GPS_rx
    gps_uart.o(i.USART2_IRQHandler) refers to gps_uart.o(i.GPS_StoreIn_rx_Buff) for GPS_StoreIn_rx_Buff
    gps_uart.o(i.USART2_IRQHandler) refers to gps_uart.o(.bss) for GPS_rx
    bsp.o(i.DelayMs) refers to bsp.o(i.DelayMillis) for DelayMillis
    application.o(i.GPGGA_Parser) refers to strtok.o(.text) for strtok
    application.o(i.GPGGA_Parser) refers to atof.o(i.atof) for atof
    application.o(i.GPGGA_Parser) refers to dfixu.o(x$fpl$dfixu) for __aeabi_d2uiz
    application.o(i.GPGGA_Parser) refers to d2f.o(x$fpl$d2f) for __aeabi_d2f
    application.o(i.GPGGA_Parser) refers to application.o(.data) for GPGGA_data
    application.o(i.GPRMC_Parser) refers to strtok.o(.text) for strtok
    application.o(i.GPRMC_Parser) refers to atof.o(i.atof) for atof
    application.o(i.GPRMC_Parser) refers to d2f.o(x$fpl$d2f) for __aeabi_d2f
    application.o(i.GPRMC_Parser) refers to application.o(i.getCoOrdinatesInDegree) for getCoOrdinatesInDegree
    application.o(i.GPRMC_Parser) refers to atoi.o(.text) for atoi
    application.o(i.GPRMC_Parser) refers to application.o(.bss) for GPRMC_data
    application.o(i.GPS_App_GetData) refers to _printf_percent.o(.ARM.Collect$$_printf_percent$$00000000) for _printf_percent
    application.o(i.GPS_App_GetData) refers to _printf_f.o(.ARM.Collect$$_printf_percent$$00000003) for _printf_f
    application.o(i.GPS_App_GetData) refers to printf1.o(x$fpl$printf1) for _printf_fp_dec
    application.o(i.GPS_App_GetData) refers to gps_uart.o(i.GPS_CheckForString) for GPS_CheckForString
    application.o(i.GPS_App_GetData) refers to gps_uart.o(i.GPS_CopyFrame) for GPS_CopyFrame
    application.o(i.GPS_App_GetData) refers to application.o(i.GPRMC_Parser) for GPRMC_Parser
    application.o(i.GPS_App_GetData) refers to gps_uart.o(i.GPS_UART_Flush) for GPS_UART_Flush
    application.o(i.GPS_App_GetData) refers to bsp.o(i.DelayMs) for DelayMs
[...]
    Removing gps_uart.o(i.Is_GPS_rx_Available), (40 bytes).
    Removing bsp.o(.rev16_text), (4 bytes).
    Removing bsp.o(.revsh_text), (4 bytes).
    Removing bsp.o(.rrx_text), (6 bytes).
    Removing application.o(.rev16_text), (4 bytes).
    Removing application.o(.revsh_text), (4 bytes).
    Removing application.o(.rrx_text), (6 bytes).
    Removing application.o(i.custom_atof), (124 bytes).
    Removing system_stm32f10x.o(.rev16_text), (4 bytes).
    Removing system_stm32f10x.o(.revsh_text), (4 bytes).
    Removing system_stm32f10x.o(.rrx_text), (6 bytes).
    Removing system_stm32f10x.o(i.SystemCoreClockUpdate), (164 bytes).
    Removing system_stm32f10x.o(.data), (20 bytes).

30 unused section(s) (total 722 bytes) removed from the image.

==============================================================================

Image Symbol Table

    Local Symbols

    Symbol Name                              Value     Ov Type        Size  Object(Section)

    ../clib/angel/boardlib.s                 0x00000000   Number         0  boardshut.o ABSOLUTE
    ../clib/angel/boardlib.s                 0x00000000   Number         0  boardinit3.o ABSOLUTE
    ../clib/angel/boardlib.s                 0x00000000   Number         0  boardinit1.o ABSOLUTE
    ../clib/angel/boardlib.s                 0x00000000   Number         0  boardinit2.o ABSOLUTE
    ../clib/angel/handlers.s                 0x00000000   Number         0  __scatter_copy.o ABSOLUTE
    ../clib/angel/handlers.s                 0x00000000   Number         0  __scatter_zi.o ABSOLUTE
    ../clib/angel/kernel.s                   0x00000000   Number         0  __rtentry4.o ABSOLUTE
    ../clib/angel/kernel.s                   0x00000000   Number         0  rtexit.o ABSOLUTE
    ../clib/angel/kernel.s                   0x00000000   Number         0  rtexit2.o ABSOLUTE
    ../clib/angel/kernel.s                   0x00000000   Number         0  __rtentry2.o ABSOLUTE
    ../clib/angel/kernel.s                   0x00000000   Number         0  __rtentry.o ABSOLUTE
    ../clib/angel/rt.s                       0x00000000   Number         0  rt_errno_addr_intlibspace.o ABSOLUTE
    ../clib/angel/rt.s                       0x00000000   Number         0  rt_ctype_table.o ABSOLUTE
    ../clib/angel/rt.s                       0x00000000   Number         0  rt_locale.o ABSOLUTE
    ../clib/angel/rt.s                       0x00000000   Number         0  rt_locale_intlibspace.o ABSOLUTE
    ../clib/angel/rt.s                       0x00000000   Number         0  rt_raise.o ABSOLUTE
    ../clib/angel/rt.s                       0x00000000   Number         0  rt_errno_addr.o ABSOLUTE
    ../clib/angel/scatter.s                  0x00000000   Number         0  __scatter.o ABSOLUTE
    ../clib/angel/startup.s                  0x00000000   Number         0  __main.o ABSOLUTE
    ../clib/angel/sys.s                      0x00000000   Number         0  use_no_semi.o ABSOLUTE
    ../clib/angel/sys.s                      0x00000000   Number         0  sys_stackheap_outer.o ABSOLUTE
    ../clib/angel/sys.s                      0x00000000   Number         0  libspace.o ABSOLUTE
    ../clib/angel/sys.s                      0x00000000   Number         0  indicate_semi.o ABSOLUTE
    ../clib/angel/sysapp.c                   0x00000000   Number         0  sys_wrch.o ABSOLUTE
    ../clib/angel/sysapp.c                   0x00000000   Number         0  sys_exit.o ABSOLUTE
    ../clib/angel/sysapp.c                   0x00000000   Number         0  sys_command.o ABSOLUTE
    ../clib/armsys.c                         0x00000000   Number         0  argv_veneer.o ABSOLUTE
    ../clib/armsys.c                         0x00000000   Number         0  argv_veneer.o ABSOLUTE
    ../clib/armsys.c                         0x00000000   Number         0  _get_argv_nomalloc.o ABSOLUTE
    ../clib/armsys.c                         0x00000000   Number         0  no_argv.o ABSOLUTE
    ../clib/bigflt.c                         0x00000000   Number         0  bigflt0.o ABSOLUTE
    ../clib/btod.s                           0x00000000   Number         0  btod.o ABSOLUTE
    ../clib/ctype.c                          0x00000000   Number         0  isspace.o ABSOLUTE
    ../clib/fenv.c                           0x00000000   Number         0  _rserrno.o ABSOLUTE
    ../clib/heapalloc.c                      0x00000000   Number         0  hrguard.o ABSOLUTE
    ../clib/heapaux.c                        0x00000000   Number         0  heapauxi.o ABSOLUTE
    ../clib/libinit.s                        0x00000000   Number         0  libinit.o ABSOLUTE
    ../clib/libinit.s                        0x00000000   Number         0  libshutdown2.o ABSOLUTE
    ../clib/libinit.s                        0x00000000   Number         0  libinit2.o ABSOLUTE
    ../clib/libinit.s                        0x00000000   Number         0  libshutdown.o ABSOLUTE
    ../clib/locale.s                         0x00000000   Number         0  lc_ctype_c.o ABSOLUTE
    ../clib/locale.s                         0x00000000   Number         0  lc_numeric_c.o ABSOLUTE
    ../clib/longlong.s                       0x00000000   Number         0  lludiv10.o ABSOLUTE
    ../clib/longlong.s                       0x00000000   Number         0  llshl.o ABSOLUTE
    ../clib/memcpset.s                       0x00000000   Number         0  rt_memclr_w.o ABSOLUTE
    ../clib/memcpset.s                       0x00000000   Number         0  strcmpv7m.o ABSOLUTE
    ../clib/printf.c                         0x00000000   Number         0  __printf_nopercent.o ABSOLUTE
    ../clib/printf.c                         0x00000000   Number         0  _printf_fp_infnan.o ABSOLUTE
    ../clib/printf.c                         0x00000000   Number         0  _sputc.o ABSOLUTE
    ../clib/printf.c                         0x00000000   Number         0  _printf_char_common.o ABSOLUTE
    ../clib/printf.c                         0x00000000   Number         0  _printf_fp_dec.o ABSOLUTE
    ../clib/printf.c                         0x00000000   Number         0  __2sprintf.o ABSOLUTE
    ../clib/printf.c                         0x00000000   Number         0  noretval__2sprintf.o ABSOLUTE
    ../clib/printf.c                         0x00000000   Number         0  __printf.o ABSOLUTE
    ../clib/printf.c                         0x00000000   Number         0  __printf_flags.o ABSOLUTE
    ../clib/printf.c                         0x00000000   Number         0  __printf_flags_ss.o ABSOLUTE
    ../clib/printf.c                         0x00000000   Number         0  __printf_wp.o ABSOLUTE
    ../clib/printf.c                         0x00000000   Number         0  __printf_flags_wp.o ABSOLUTE
    ../clib/printf.c                         0x00000000   Number         0  __printf_ss_wp.o ABSOLUTE
    ../clib/printf.c                         0x00000000   Number         0  __printf_flags_ss_wp.o ABSOLUTE
    ../clib/printf.c                         0x00000000   Number         0  __printf_ss.o ABSOLUTE
    ../clib/printf_percent.s                 0x00000000   Number         0  _printf_percent_end.o ABSOLUTE
    ../clib/printf_percent.s                 0x00000000   Number         0  _printf_percent.o ABSOLUTE
    ../clib/printf_percent.s                 0x00000000   Number         0  _printf_f.o ABSOLUTE
    ../clib/scanf.c                          0x00000000   Number         0  _chval.o ABSOLUTE
    ../clib/scanf.c                          0x00000000   Number         0  strtod.o ABSOLUTE
    ../clib/scanf.c                          0x00000000   Number         0  scanf_infnan.o ABSOLUTE
    ../clib/scanf.c                          0x00000000   Number         0  scanf_hexfp.o ABSOLUTE
    ../clib/scanf.c                          0x00000000   Number         0  strtol.o ABSOLUTE
    ../clib/scanf.c                          0x00000000   Number         0  scanf_fp.o ABSOLUTE
    ../clib/scanf.c                          0x00000000   Number         0  _sgetc.o ABSOLUTE
    ../clib/scanf.c                          0x00000000   Number         0  _strtoul.o ABSOLUTE
    ../clib/scanf.c                          0x00000000   Number         0  atoi.o ABSOLUTE
    ../clib/signal.c                         0x00000000   Number         0  defsig_rtred_inner.o ABSOLUTE
    ../clib/signal.c                         0x00000000   Number         0  defsig_stak_inner.o ABSOLUTE
    ../clib/signal.c                         0x00000000   Number         0  defsig_abrt_inner.o ABSOLUTE
    ../clib/signal.c                         0x00000000   Number         0  defsig_general.o ABSOLUTE
    ../clib/signal.c                         0x00000000   Number         0  defsig_rtmem_outer.o ABSOLUTE
    ../clib/signal.c                         0x00000000   Number         0  defsig_rtmem_formal.o ABSOLUTE
    ../clib/signal.c                         0x00000000   Number         0  defsig_pvfn_inner.o ABSOLUTE
    ../clib/signal.c                         0x00000000   Number         0  defsig_segv_inner.o ABSOLUTE
    ../clib/signal.c                         0x00000000   Number         0  defsig_other.o ABSOLUTE
    ../clib/signal.c                         0x00000000   Number         0  __raise.o ABSOLUTE
    ../clib/signal.c                         0x00000000   Number         0  defsig_rtmem_inner.o ABSOLUTE
    ../clib/signal.c                         0x00000000   Number         0  defsig_exit.o ABSOLUTE
    ../clib/signal.c                         0x00000000   Number         0  defsig_fpe_inner.o ABSOLUTE
    ../clib/signal.c                         0x00000000   Number         0  defsig_cppl_inner.o ABSOLUTE
    ../clib/signal.s                         0x00000000   Number         0  defsig.o ABSOLUTE
    ../clib/stdlib.c                         0x00000000   Number         0  exit.o ABSOLUTE
    ../clib/string.c                         0x00000000   Number         0  strtok_int.o ABSOLUTE
    ../clib/string.c                         0x00000000   Number         0  strcspn.o ABSOLUTE
    ../clib/string.c                         0x00000000   Number         0  strlen.o ABSOLUTE
    ../clib/string.c                         0x00000000   Number         0  strspn.o ABSOLUTE
    ../clib/string.c                         0x00000000   Number         0  strtok.o ABSOLUTE
    ../fplib/d2f.s                           0x00000000   Number         0  d2f.o ABSOLUTE
    ../fplib/daddsub.s                       0x00000000   Number         0  daddsub_clz.o ABSOLUTE
    ../fplib/dcheck1.s                       0x00000000   Number         0  dcheck1.o ABSOLUTE
    ../fplib/dcmpi.s                         0x00000000   Number         0  dcmpi.o ABSOLUTE
    ../fplib/ddiv.s                          0x00000000   Number         0  ddiv.o ABSOLUTE
    ../fplib/deqf.s                          0x00000000   Number         0  deqf.o ABSOLUTE
    ../fplib/dfixu.s                         0x00000000   Number         0  dfixu.o ABSOLUTE
    ../fplib/dleqf.s                         0x00000000   Number         0  dleqf.o ABSOLUTE
    ../fplib/dmul.s                          0x00000000   Number         0  dmul.o ABSOLUTE
    ../fplib/dnaninf.s                       0x00000000   Number         0  dnaninf.o ABSOLUTE
    ../fplib/dretinf.s                       0x00000000   Number         0  dretinf.o ABSOLUTE
    ../fplib/drleqf.s                        0x00000000   Number         0  drleqf.o ABSOLUTE
    ../fplib/f2d.s                           0x00000000   Number         0  f2d.o ABSOLUTE
    ../fplib/faddsub.s                       0x00000000   Number         0  faddsub_clz.o ABSOLUTE
    ../fplib/fdiv.s                          0x00000000   Number         0  fdiv.o ABSOLUTE
    ../fplib/ffix.s                          0x00000000   Number         0  ffix.o ABSOLUTE
    ../fplib/fflt.s                          0x00000000   Number         0  fflt_clz.o ABSOLUTE
    ../fplib/fmul.s                          0x00000000   Number         0  fmul.o ABSOLUTE
    ../fplib/fnaninf.s                       0x00000000   Number         0  fnaninf.o ABSOLUTE
    ../fplib/fpconst.s                       0x00000000   Number         0  fpconst.o ABSOLUTE
    ../fplib/fpinit.s                        0x00000000   Number         0  fpinit.o ABSOLUTE
    ../fplib/fretinf.s                       0x00000000   Number         0  fretinf.o ABSOLUTE
    ../fplib/istatus.s                       0x00000000   Number         0  istatus.o ABSOLUTE
    ../fplib/printf1.s                       0x00000000   Number         0  printf1.o ABSOLUTE
    ../fplib/retnan.s                        0x00000000   Number         0  retnan.o ABSOLUTE
    ../fplib/scalbn.s                        0x00000000   Number         0  scalbn.o ABSOLUTE
    ../fplib/scanf1.s                        0x00000000   Number         0  scanf1.o ABSOLUTE
    ../fplib/scanf2.s                        0x00000000   Number         0  scanf2.o ABSOLUTE
    ../fplib/scanf2a.s                       0x00000000   Number         0  scanf2a.o ABSOLUTE
    ../fplib/scanf2b.s                       0x00000000   Number         0  scanf2b.o ABSOLUTE
    ../fplib/trapv.s                         0x00000000   Number         0  trapv.o ABSOLUTE
    ../fplib/usenofp.s                       0x00000000   Number         0  usenofp.o ABSOLUTE
    ../mathlib/atof.c                        0x00000000   Number         0  atof.o ABSOLUTE
    ../mathlib/dunder.c                      0x00000000   Number         0  dunder.o ABSOLUTE
    ../mathlib/fpclassify.c                  0x00000000   Number         0  fpclassify.o ABSOLUTE
    ../mathlib/frexp.c                       0x00000000   Number         0  frexp.o ABSOLUTE
    ../mathlib/ldexp.c                       0x00000000   Number         0  ldexp.o ABSOLUTE
    ../mathlib/ldexp.c                       0x00000000   Number         0  ldexp_x.o ABSOLUTE
    ../mathlib/narrow.c                      0x00000000   Number         0  narrow.o ABSOLUTE
    ../mathlib/qnan.c                        0x00000000   Number         0  qnan.o ABSOLUTE
    BSP.c                                    0x00000000   Number         0  bsp.o ABSOLUTE
    BSP.c                                    0x00000000   Number         0  bsp.o ABSOLUTE
    COMM_UART.c                              0x00000000   Number         0  comm_uart.o ABSOLUTE
    COMM_UART.c                              0x00000000   Number         0  comm_uart.o ABSOLUTE
    GPS_UART.c                               0x00000000   Number         0  gps_uart.o ABSOLUTE
    GPS_UART.c                               0x00000000   Number         0  gps_uart.o ABSOLUTE
    RTE\Device\STM32F103C8\startup_stm32f10x_md.s 0x00000000   Number         0  startup_stm32f10x_md.o ABSOLUTE
    RTE\Device\STM32F103C8\system_stm32f10x.c 0x00000000   Number         0  system_stm32f10x.o ABSOLUTE
    RTE\\Device\\STM32F103C8\\system_stm32f10x.c 0x00000000   Number         0  system_stm32f10x.o ABSOLUTE
    application.c                            0x00000000   Number         0  application.o ABSOLUTE
    application.c                            0x00000000   Number         0  application.o ABSOLUTE
    dc.s                                     0x00000000   Number         0  dc.o ABSOLUTE
    main.c                                   0x00000000   Number         0  main.o ABSOLUTE
    main.c                                   0x00000000   Number         0  main.o ABSOLUTE
    RESET                                    0x08000000   Section      236  startup_stm32f10x_md.o(RESET)
    !!!main                                  0x080000ec   Section        8  __main.o(!!!main)
    !!!scatter                               0x080000f4   Section       52  __scatter.o(!!!scatter)
    !!handler_copy                           0x08000128   Section       26  __scatter_copy.o(!!handler_copy)
    !!handler_zi                             0x08000144   Section       28  __scatter_zi.o(!!handler_zi)
    .ARM.Collect$$_printf_percent$$00000000  0x08000160   Section        0  _printf_percent.o(.ARM.Collect$$_printf_percent$$00000000)
    .ARM.Collect$$_printf_percent$$00000003  0x08000160   Section        6  _printf_f.o(.ARM.Collect$$_printf_percent$$00000003)
    .ARM.Collect$$_printf_percent$$00000017  0x08000166   Section        4  _printf_percent_end.o(.ARM.Collect$$_printf_percent$$00000017)
    .ARM.Collect$$libinit$$00000000          0x0800016a   Section        2  libinit.o(.ARM.Collect$$libinit$$00000000)
    .ARM.Collect$$libinit$$00000002          0x0800016c   Section        0  libinit2.o(.ARM.Collect$$libinit$$00000002)
    .ARM.Collect$$libinit$$00000004          0x0800016c   Section        0  libinit2.o(.ARM.Collect$$libinit$$00000004)
    .ARM.Collect$$libinit$$0000000A          0x0800016c   Section        0  libinit2.o(.ARM.Collect$$libinit$$0000000A)
    .ARM.Collect$$libinit$$0000000C          0x0800016c   Section        0  libinit2.o(.ARM.Collect$$libinit$$0000000C)
    .ARM.Collect$$libinit$$0000000E          0x0800016c   Section        0  libinit2.o(.ARM.Collect$$libinit$$0000000E)
    .ARM.Collect$$libinit$$0000000F          0x0800016c   Section        6  libinit2.o(.ARM.Collect$$libinit$$0000000F)
    .ARM.Collect$$libinit$$00000011          0x08000172   Section        0  libinit2.o(.ARM.Collect$$libinit$$00000011)
    .ARM.Collect$$libinit$$00000012          0x08000172   Section       12  libinit2.o(.ARM.Collect$$libinit$$00000012)
    .ARM.Collect$$libinit$$00000013          0x0800017e   Section        0  libinit2.o(.ARM.Collect$$libinit$$00000013)
    .ARM.Collect$$libinit$$00000015          0x0800017e   Section        0  libinit2.o(.ARM.Collect$$libinit$$00000015)
    .ARM.Collect$$libinit$$00000016          0x0800017e   Section       10  libinit2.o(.ARM.Collect$$libinit$$00000016)
    .ARM.Collect$$libinit$$00000017          0x08000188   Section        0  libinit2.o(.ARM.Collect$$libinit$$00000017)
    .ARM.Collect$$libinit$$00000019          0x08000188   Section        0  libinit2.o(.ARM.Collect$$libinit$$00000019)
    .ARM.Collect$$libinit$$0000001B          0x08000188   Section        0  libinit2.o(.ARM.Collect$$libinit$$0000001B)
    .ARM.Collect$$libinit$$0000001D          0x08000188   Section        0  libinit2.o(.ARM.Collect$$libinit$$0000001D)
    .ARM.Collect$$libinit$$0000001F          0x08000188   Section        0  libinit2.o(.ARM.Collect$$libinit$$0000001F)
    .ARM.Collect$$libinit$$00000021          0x08000188   Section        0  libinit2.o(.ARM.Collect$$libinit$$00000021)
    .ARM.Collect$$libinit$$00000023          0x08000188   Section        0  libinit2.o(.ARM.Collect$$libinit$$00000023)
    .ARM.Collect$$libinit$$00000025          0x08000188   Section        0  libinit2.o(.ARM.Collect$$libinit$$00000025)
    .ARM.Collect$$libinit$$0000002C          0x08000188   Section        0  libinit2.o(.ARM.Collect$$libinit$$0000002C)
    .ARM.Collect$$libinit$$0000002E          0x08000188   Section        0  libinit2.o(.ARM.Collect$$libinit$$0000002E)
    .ARM.Collect$$libinit$$00000030          0x08000188   Section        0  libinit2.o(.ARM.Collect$$libinit$$00000030)
    .ARM.Collect$$libinit$$00000032          0x08000188   Section        0  libinit2.o(.ARM.Collect$$libinit$$00000032)
    .ARM.Collect$$libinit$$00000033          0x08000188   Section        2  libinit2.o(.ARM.Collect$$libinit$$00000033)
    .ARM.Collect$$libshutdown$$00000000      0x0800018a   Section        2  libshutdown.o(.ARM.Collect$$libshutdown$$00000000)
    .ARM.Collect$$libshutdown$$00000002      0x0800018c   Section        0  libshutdown2.o(.ARM.Collect$$libshutdown$$00000002)
    .ARM.Collect$$libshutdown$$00000004      0x0800018c   Section        0  libshutdown2.o(.ARM.Collect$$libshutdown$$00000004)
    .ARM.Collect$$libshutdown$$00000007      0x0800018c   Section        0  libshutdown2.o(.ARM.Collect$$libshutdown$$00000007)
    .ARM.Collect$$libshutdown$$0000000A      0x0800018c   Section        0  libshutdown2.o(.ARM.Collect$$libshutdown$$0000000A)
    .ARM.Collect$$libshutdown$$0000000C      0x0800018c   Section        0  libshutdown2.o(.ARM.Collect$$libshutdown$$0000000C)
    .ARM.Collect$$libshutdown$$0000000F      0x0800018c   Section        0  libshutdown2.o(.ARM.Collect$$libshutdown$$0000000F)
    .ARM.Collect$$libshutdown$$00000010      0x0800018c   Section        2  libshutdown2.o(.ARM.Collect$$libshutdown$$00000010)
    .ARM.Collect$$rtentry$$00000000          0x0800018e   Section        0  __rtentry.o(.ARM.Collect$$rtentry$$00000000)
    .ARM.Collect$$rtentry$$00000002          0x0800018e   Section        0  __rtentry2.o(.ARM.Collect$$rtentry$$00000002)
    .ARM.Collect$$rtentry$$00000004          0x0800018e   Section        6  __rtentry4.o(.ARM.Collect$$rtentry$$00000004)
    .ARM.Collect$$rtentry$$00000009          0x08000194   Section        0  __rtentry2.o(.ARM.Collect$$rtentry$$00000009)
    .ARM.Collect$$rtentry$$0000000A          0x08000194   Section        4  __rtentry2.o(.ARM.Collect$$rtentry$$0000000A)
    .ARM.Collect$$rtentry$$0000000C          0x08000198   Section        0  __rtentry2.o(.ARM.Collect$$rtentry$$0000000C)
    .ARM.Collect$$rtentry$$0000000D          0x08000198   Section        8  __rtentry2.o(.ARM.Collect$$rtentry$$0000000D)
    .ARM.Collect$$rtexit$$00000000           0x080001a0   Section        2  rtexit.o(.ARM.Collect$$rtexit$$00000000)
    .ARM.Collect$$rtexit$$00000002           0x080001a2   Section        0  rtexit2.o(.ARM.Collect$$rtexit$$00000002)
    .ARM.Collect$$rtexit$$00000003           0x080001a2   Section        4  rtexit2.o(.ARM.Collect$$rtexit$$00000003)
    .ARM.Collect$$rtexit$$00000004           0x080001a6   Section        6  rtexit2.o(.ARM.Collect$$rtexit$$00000004)
    .text                                    0x080001ac   Section       64  startup_stm32f10x_md.o(.text)
    .text                                    0x080001ec   Section        0  noretval__2sprintf.o(.text)
    .text                                    0x08000214   Section        0  __printf.o(.text)
    .text                                    0x0800027c   Section        0  atoi.o(.text)
    .text                                    0x08000298   Section        0  strtok.o(.text)
    .text                                    0x080002a4   Section        0  strlen.o(.text)
    .text                                    0x080002e2   Section       78  rt_memclr_w.o(.text)
    .text                                    0x08000330   Section        0  heapauxi.o(.text)
    .text                                    0x08000338   Section        8  rt_errno_addr_intlibspace.o(.text)
    .text                                    0x08000340   Section        0  _rserrno.o(.text)
    .text                                    0x08000356   Section        0  _printf_fp_dec.o(.text)
    _fp_digits                               0x08000359   Thumb Code   428  _printf_fp_dec.o(.text)
    .text                                    0x08000770   Section        0  _printf_char_common.o(.text)
    _printf_input_char                       0x08000771   Thumb Code    10  _printf_char_common.o(.text)
    .text                                    0x080007a0   Section        0  _sputc.o(.text)
    .text                                    0x080007ac   Section        0  strtod.o(.text)
    _local_sscanf                            0x080007ad   Thumb Code    60  strtod.o(.text)
    .text                                    0x0800084c   Section        0  strtol.o(.text)
    .text                                    0x080008bc   Section        0  strtok_int.o(.text)
    .text                                    0x08000900   Section        8  libspace.o(.text)
    .text                                    0x08000908   Section       16  rt_ctype_table.o(.text)
    .text                                    0x08000918   Section        8  rt_locale_intlibspace.o(.text)
    .text                                    0x08000920   Section      138  lludiv10.o(.text)
    .text                                    0x080009aa   Section        0  isspace.o(.text)
    .text                                    0x080009bc   Section        0  _printf_fp_infnan.o(.text)
    .text                                    0x08000a3c   Section        0  _sgetc.o(.text)
    .text                                    0x08000a7c   Section        0  _strtoul.o(.text)
    .text                                    0x08000b1c   Section        0  bigflt0.o(.text)
    .text                                    0x08000bf8   Section        0  strcspn.o(.text)
    .text                                    0x08000c18   Section        0  strspn.o(.text)
    .text                                    0x08000c34   Section       74  sys_stackheap_outer.o(.text)
    .text                                    0x08000c7e   Section        0  _chval.o(.text)
    .text                                    0x08000c9c   Section        0  scanf_fp.o(.text)
    _fp_value                                0x08000c9d   Thumb Code   508  scanf_fp.o(.text)
    .text                                    0x08001140   Section        0  exit.o(.text)
    .text                                    0x08001154   Section      128  strcmpv7m.o(.text)
    .text                                    0x080011d4   Section        0  scanf_hexfp.o(.text)
    .text                                    0x080014ec   Section        0  scanf_infnan.o(.text)
    .text                                    0x08001620   Section        0  sys_exit.o(.text)
    .text                                    0x0800162c   Section       38  llshl.o(.text)
    .text                                    0x08001652   Section        2  use_no_semi.o(.text)
    .text                                    0x08001654   Section        0  indicate_semi.o(.text)
    CL$$btod_d2e                             0x08001654   Section       62  btod.o(CL$$btod_d2e)
    CL$$btod_d2e_denorm_low                  0x08001692   Section       70  btod.o(CL$$btod_d2e_denorm_low)
    CL$$btod_d2e_norm_op1                    0x080016d8   Section       96  btod.o(CL$$btod_d2e_norm_op1)
    CL$$btod_div_common                      0x08001738   Section      824  btod.o(CL$$btod_div_common)
    CL$$btod_e2d                             0x08001a70   Section       84  btod.o(CL$$btod_e2d)
    CL$$btod_e2e                             0x08001ac4   Section      198  btod.o(CL$$btod_e2e)
    CL$$btod_ediv                            0x08001b8a   Section       40  btod.o(CL$$btod_ediv)
    CL$$btod_edivd                           0x08001bb2   Section       40  btod.o(CL$$btod_edivd)
    CL$$btod_emul                            0x08001bda   Section       40  btod.o(CL$$btod_emul)
    CL$$btod_emuld                           0x08001c02   Section       40  btod.o(CL$$btod_emuld)
    CL$$btod_mult_common                     0x08001c2a   Section      580  btod.o(CL$$btod_mult_common)
    i.Comm_SendStringIn_tx_Buff              0x08001e6e   Section        0  comm_uart.o(i.Comm_SendStringIn_tx_Buff)
    i.Comm_StoreIn_rx_Buff                   0x08001e84   Section        0  comm_uart.o(i.Comm_StoreIn_rx_Buff)
    i.Comm_StoreIn_tx_Buff                   0x08001eb0   Section        0  comm_uart.o(i.Comm_StoreIn_tx_Buff)
    i.Comm_UART_Init                         0x08001ef8   Section        0  comm_uart.o(i.Comm_UART_Init)
    i.DelayMillis                            0x08001f54   Section        0  bsp.o(i.DelayMillis)
    i.DelayMs                                0x08001f78   Section        0  bsp.o(i.DelayMs)
    i.GPGGA_Parser                           0x08001f8c   Section        0  application.o(i.GPGGA_Parser)
    i.GPRMC_Parser                           0x08002024   Section        0  application.o(i.GPRMC_Parser)
    i.GPS_App_GetData                        0x08002120   Section        0  application.o(i.GPS_App_GetData)
    i.GPS_CheckForString                     0x080021e4   Section        0  gps_uart.o(i.GPS_CheckForString)
    i.GPS_CopyFrame                          0x0800226c   Section        0  gps_uart.o(i.GPS_CopyFrame)
    i.GPS_StoreIn_rx_Buff                    0x08002390   Section        0  gps_uart.o(i.GPS_StoreIn_rx_Buff)
    i.GPS_UART_Flush                         0x080023c8   Section        0  gps_uart.o(i.GPS_UART_Flush)
    i.GPS_UART_Init                          0x080023e8   Section        0  gps_uart.o(i.GPS_UART_Init)
    i.SetSysClock                            0x08002444   Section        0  system_stm32f10x.o(i.SetSysClock)
    SetSysClock                              0x08002445   Thumb Code     8  system_stm32f10x.o(i.SetSysClock)
    i.SetSysClockTo72                        0x0800244c   Section        0  system_stm32f10x.o(i.SetSysClockTo72)
    SetSysClockTo72                          0x0800244d   Thumb Code   214  system_stm32f10x.o(i.SetSysClockTo72)
    i.SystemInit                             0x0800252c   Section        0  system_stm32f10x.o(i.SystemInit)
    i.USART1_IRQHandler                      0x0800258c   Section        0  comm_uart.o(i.USART1_IRQHandler)
    i.USART2_IRQHandler                      0x08002610   Section        0  gps_uart.o(i.USART2_IRQHandler)
    i.__ARM_fpclassify                       0x080026a4   Section        0  fpclassify.o(i.__ARM_fpclassify)
    i.__mathlib_dbl_overflow                 0x080026cc   Section        0  dunder.o(i.__mathlib_dbl_overflow)
    i.__mathlib_dbl_underflow                0x080026dc   Section        0  dunder.o(i.__mathlib_dbl_underflow)
    i.__mathlib_narrow                       0x080026ec   Section        0  narrow.o(i.__mathlib_narrow)
    i.__mathlib_tofloat                      0x080026fc   Section        0  narrow.o(i.__mathlib_tofloat)
    i.__support_ldexp                        0x08002784   Section        0  ldexp.o(i.__support_ldexp)
    i._is_digit                              0x0800279a   Section        0  __printf_wp.o(i._is_digit)
    i.atof                                   0x080027a8   Section        0  atof.o(i.atof)
    i.frexp                                  0x080027d4   Section        0  frexp.o(i.frexp)
    i.getCoOrdinatesInDegree                 0x0800282c   Section        0  application.o(i.getCoOrdinatesInDegree)
    i.ldexp                                  0x0800288c   Section        0  ldexp.o(i.ldexp)
    i.main                                   0x08002900   Section        0  main.o(i.main)
    i.systick_init                           0x0800291c   Section        0  bsp.o(i.systick_init)
    locale$$code                             0x0800293c   Section       44  lc_numeric_c.o(locale$$code)
    locale$$code                             0x08002968   Section       44  lc_ctype_c.o(locale$$code)
    x$fpl$d2f                                0x08002994   Section       98  d2f.o(x$fpl$d2f)
    x$fpl$dcheck1                            0x080029f8   Section       16  dcheck1.o(x$fpl$dcheck1)
    x$fpl$dcmpinf                            0x08002a08   Section       24  dcmpi.o(x$fpl$dcmpinf)
    x$fpl$deqf                               0x08002a20   Section      120  deqf.o(x$fpl$deqf)
    x$fpl$dfixu                              0x08002a98   Section       90  dfixu.o(x$fpl$dfixu)
    x$fpl$dleqf                              0x08002af4   Section      120  dleqf.o(x$fpl$dleqf)
    x$fpl$dnaninf                            0x08002b6c   Section      156  dnaninf.o(x$fpl$dnaninf)
    x$fpl$dretinf                            0x08002c08   Section       12  dretinf.o(x$fpl$dretinf)
    x$fpl$drleqf                             0x08002c14   Section      108  drleqf.o(x$fpl$drleqf)
    x$fpl$f2d                                0x08002c80   Section       86  f2d.o(x$fpl$f2d)
    x$fpl$fadd                               0x08002cd8   Section      196  faddsub_clz.o(x$fpl$fadd)
    _fadd1                                   0x08002ce7   Thumb Code     0  faddsub_clz.o(x$fpl$fadd)
    x$fpl$fdiv                               0x08002d9c   Section      388  fdiv.o(x$fpl$fdiv)
    _fdiv1                                   0x08002d9d   Thumb Code     0  fdiv.o(x$fpl$fdiv)
    x$fpl$ffix                               0x08002f20   Section       54  ffix.o(x$fpl$ffix)
    x$fpl$fflt                               0x08002f58   Section       48  fflt_clz.o(x$fpl$fflt)
    x$fpl$fmul                               0x08002f88   Section      258  fmul.o(x$fpl$fmul)
    x$fpl$fnaninf                            0x0800308a   Section      140  fnaninf.o(x$fpl$fnaninf)
    x$fpl$fretinf                            0x08003116   Section       10  fretinf.o(x$fpl$fretinf)
    x$fpl$fsub                               0x08003120   Section      234  faddsub_clz.o(x$fpl$fsub)
    _fsub1                                   0x0800312f   Thumb Code     0  faddsub_clz.o(x$fpl$fsub)
    x$fpl$printf1                            0x0800320a   Section        4  printf1.o(x$fpl$printf1)
    x$fpl$retnan                             0x0800320e   Section      100  retnan.o(x$fpl$retnan)
    x$fpl$scalbn                             0x08003272   Section       92  scalbn.o(x$fpl$scalbn)
    x$fpl$scanf1                             0x080032ce   Section        4  scanf1.o(x$fpl$scanf1)
    x$fpl$scanf2                             0x080032d2   Section        8  scanf2.o(x$fpl$scanf2)
    x$fpl$trapveneer                         0x080032da   Section       48  trapv.o(x$fpl$trapveneer)
    x$fpl$usenofp                            0x0800330a   Section        0  usenofp.o(x$fpl$usenofp)
    .constdata                               0x0800330c   Section      148  bigflt0.o(.constdata)
    tenpwrs_x                                0x0800330c   Data          60  bigflt0.o(.constdata)
    tenpwrs_i                                0x08003348   Data          64  bigflt0.o(.constdata)
    c$$dinf                                  0x080033c0   Section        8  fpconst.o(c$$dinf)
    locale$$data                             0x080033c8   Section       28  lc_numeric_c.o(locale$$data)
    __lcnum_c_name                           0x080033cc   Data           2  lc_numeric_c.o(locale$$data)
    __lcnum_c_start                          0x080033d4   Data           0  lc_numeric_c.o(locale$$data)
    __lcnum_c_point                          0x080033e0   Data           0  lc_numeric_c.o(locale$$data)
    __lcnum_c_thousands                      0x080033e2   Data           0  lc_numeric_c.o(locale$$data)
    __lcnum_c_grouping                       0x080033e3   Data           0  lc_numeric_c.o(locale$$data)
    locale$$data                             0x080033e4   Section      272  lc_ctype_c.o(locale$$data)
    __lcnum_c_end                            0x080033e4   Data           0  lc_numeric_c.o(locale$$data)
    __lcctype_c_name                         0x080033e8   Data           2  lc_ctype_c.o(locale$$data)
    __lcctype_c_start                        0x080033f0   Data           0  lc_ctype_c.o(locale$$data)
    __lcctype_c_end                          0x080034f4   Data           0  lc_ctype_c.o(locale$$data)
    .data                                    0x20000000   Section        8  application.o(.data)
    .data                                    0x20000008   Section        4  strtok.o(.data)
    _strtok_saves1                           0x20000008   Data           4  strtok.o(.data)
    .bss                                     0x2000000c   Section     2016  comm_uart.o(.bss)
    .bss                                     0x200007ec   Section      924  gps_uart.o(.bss)
    .bss                                     0x20000b88   Section      428  application.o(.bss)
    .bss                                     0x20000d34   Section       96  libspace.o(.bss)
    HEAP                                     0x20000d98   Section      512  startup_stm32f10x_md.o(HEAP)
    Heap_Mem                                 0x20000d98   Data         512  startup_stm32f10x_md.o(HEAP)
    STACK                                    0x20000f98   Section     1024  startup_stm32f10x_md.o(STACK)
    Stack_Mem                                0x20000f98   Data        1024  startup_stm32f10x_md.o(STACK)
    __initial_sp                             0x20001398   Data           0  startup_stm32f10x_md.o(STACK)

    Global Symbols

    Symbol Name                              Value     Ov Type        Size  Object(Section)

    BuildAttributes$$THM_ISAv4$P$D$K$B$S$PE$A:L22UL41UL21$X:L11$S22US41US21$IEEE1$IW$USESV6$~STKCKD$USESV7$~SHL$OTIME$ROPI$IEEEX$EBA8$UX$STANDARDLIB$REQ8$PRES8$EABIv2 0x00000000   Number         0  anon$$obj.o ABSOLUTE
    __ARM_use_no_argv                        0x00000000   Number         0  main.o ABSOLUTE
    __ARM_exceptions_init                     - Undefined Weak Reference
    __alloca_initialize                       - Undefined Weak Reference
    __arm_preinit_                            - Undefined Weak Reference
    __cpp_initialize__aeabi_                  - Undefined Weak Reference
    __cxa_finalize                            - Undefined Weak Reference
    __sigvec_lookup                           - Undefined Weak Reference
    _atexit_init                              - Undefined Weak Reference
    _call_atexit_fns                          - Undefined Weak Reference
    _clock_init                               - Undefined Weak Reference
    _fp_trap_init                             - Undefined Weak Reference
    _fp_trap_shutdown                         - Undefined Weak Reference
    _get_lc_collate                           - Undefined Weak Reference
    _get_lc_monetary                          - Undefined Weak Reference
    _get_lc_time                              - Undefined Weak Reference
    _getenv_init                              - Undefined Weak Reference
    _handle_redirection                       - Undefined Weak Reference
    _init_alloc                               - Undefined Weak Reference
    _init_user_alloc                          - Undefined Weak Reference
    _initio                                   - Undefined Weak Reference
    _printf_post_padding                      - Undefined Weak Reference
    _printf_pre_padding                       - Undefined Weak Reference
    _rand_init                                - Undefined Weak Reference
    _signal_finish                            - Undefined Weak Reference
    _signal_init                              - Undefined Weak Reference
    _terminate_alloc                          - Undefined Weak Reference
    _terminate_user_alloc                     - Undefined Weak Reference
    _terminateio                              - Undefined Weak Reference
    __Vectors_Size                           0x000000ec   Number         0  startup_stm32f10x_md.o ABSOLUTE
    __Vectors                                0x08000000   Data           4  startup_stm32f10x_md.o(RESET)
    __Vectors_End                            0x080000ec   Data           0  startup_stm32f10x_md.o(RESET)
    __main                                   0x080000ed   Thumb Code     8  __main.o(!!!main)
    __scatterload                            0x080000f5   Thumb Code     0  __scatter.o(!!!scatter)
    __scatterload_rt2                        0x080000f5   Thumb Code    44  __scatter.o(!!!scatter)
    __scatterload_rt2_thumb_only             0x080000f5   Thumb Code     0  __scatter.o(!!!scatter)
    __scatterload_null                       0x08000103   Thumb Code     0  __scatter.o(!!!scatter)
    __scatterload_copy                       0x08000129   Thumb Code    26  __scatter_copy.o(!!handler_copy)
    __scatterload_zeroinit                   0x08000145   Thumb Code    28  __scatter_zi.o(!!handler_zi)
    _printf_f                                0x08000161   Thumb Code     0  _printf_f.o(.ARM.Collect$$_printf_percent$$00000003)
    _printf_percent                          0x08000161   Thumb Code     0  _printf_percent.o(.ARM.Collect$$_printf_percent$$00000000)
    _printf_percent_end                      0x08000167   Thumb Code     0  _printf_percent_end.o(.ARM.Collect$$_printf_percent$$00000017)
    __rt_lib_init                            0x0800016b   Thumb Code     0  libinit.o(.ARM.Collect$$libinit$$00000000)
    __rt_lib_init_fp_1                       0x0800016d   Thumb Code     0  libinit2.o(.ARM.Collect$$libinit$$00000002)
    __rt_lib_init_heap_1                     0x0800016d   Thumb Code     0  libinit2.o(.ARM.Collect$$libinit$$0000000A)
    __rt_lib_init_lc_common                  0x0800016d   Thumb Code     0  libinit2.o(.ARM.Collect$$libinit$$0000000F)
    __rt_lib_init_preinit_1                  0x0800016d   Thumb Code     0  libinit2.o(.ARM.Collect$$libinit$$00000004)
    __rt_lib_init_rand_1                     0x0800016d   Thumb Code     0  libinit2.o(.ARM.Collect$$libinit$$0000000E)
    __rt_lib_init_user_alloc_1               0x0800016d   Thumb Code     0  libinit2.o(.ARM.Collect$$libinit$$0000000C)
    __rt_lib_init_lc_collate_1               0x08000173   Thumb Code     0  libinit2.o(.ARM.Collect$$libinit$$00000011)
    __rt_lib_init_lc_ctype_2                 0x08000173   Thumb Code     0  libinit2.o(.ARM.Collect$$libinit$$00000012)
    __rt_lib_init_lc_ctype_1                 0x0800017f   Thumb Code     0  libinit2.o(.ARM.Collect$$libinit$$00000013)
    __rt_lib_init_lc_monetary_1              0x0800017f   Thumb Code     0  libinit2.o(.ARM.Collect$$libinit$$00000015)
    __rt_lib_init_lc_numeric_2               0x0800017f   Thumb Code     0  libinit2.o(.ARM.Collect$$libinit$$00000016)
    __rt_lib_init_alloca_1                   0x08000189   Thumb Code     0  libinit2.o(.ARM.Collect$$libinit$$0000002E)
    __rt_lib_init_argv_1                     0x08000189   Thumb Code     0  libinit2.o(.ARM.Collect$$libinit$$0000002C)
    __rt_lib_init_atexit_1                   0x08000189   Thumb Code     0  libinit2.o(.ARM.Collect$$libinit$$0000001B)
    __rt_lib_init_clock_1                    0x08000189   Thumb Code     0  libinit2.o(.ARM.Collect$$libinit$$00000021)
    __rt_lib_init_cpp_1                      0x08000189   Thumb Code     0  libinit2.o(.ARM.Collect$$libinit$$00000032)
    __rt_lib_init_exceptions_1               0x08000189   Thumb Code     0  libinit2.o(.ARM.Collect$$libinit$$00000030)
    __rt_lib_init_fp_trap_1                  0x08000189   Thumb Code     0  libinit2.o(.ARM.Collect$$libinit$$0000001F)
    __rt_lib_init_getenv_1                   0x08000189   Thumb Code     0  libinit2.o(.ARM.Collect$$libinit$$00000023)
    __rt_lib_init_lc_numeric_1               0x08000189   Thumb Code     0  libinit2.o(.ARM.Collect$$libinit$$00000017)
    __rt_lib_init_lc_time_1                  0x08000189   Thumb Code     0  libinit2.o(.ARM.Collect$$libinit$$00000019)
    __rt_lib_init_return                     0x08000189   Thumb Code     0  libinit2.o(.ARM.Collect$$libinit$$00000033)
    __rt_lib_init_signal_1                   0x08000189   Thumb Code     0  libinit2.o(.ARM.Collect$$libinit$$0000001D)
    __rt_lib_init_stdio_1                    0x08000189   Thumb Code     0  libinit2.o(.ARM.Collect$$libinit$$00000025)
    __rt_lib_shutdown                        0x0800018b   Thumb Code     0  libshutdown.o(.ARM.Collect$$libshutdown$$00000000)
    __rt_lib_shutdown_cpp_1                  0x0800018d   Thumb Code     0  libshutdown2.o(.ARM.Collect$$libshutdown$$00000002)
    __rt_lib_shutdown_fp_trap_1              0x0800018d   Thumb Code     0  libshutdown2.o(.ARM.Collect$$libshutdown$$00000007)
    __rt_lib_shutdown_heap_1                 0x0800018d   Thumb Code     0  libshutdown2.o(.ARM.Collect$$libshutdown$$0000000F)
    __rt_lib_shutdown_return                 0x0800018d   Thumb Code     0  libshutdown2.o(.ARM.Collect$$libshutdown$$00000010)
    __rt_lib_shutdown_signal_1               0x0800018d   Thumb Code     0  libshutdown2.o(.ARM.Collect$$libshutdown$$0000000A)
    __rt_lib_shutdown_stdio_1                0x0800018d   Thumb Code     0  libshutdown2.o(.ARM.Collect$$libshutdown$$00000004)
    __rt_lib_shutdown_user_alloc_1           0x0800018d   Thumb Code     0  libshutdown2.o(.ARM.Collect$$libshutdown$$0000000C)
    __rt_entry                               0x0800018f   Thumb Code     0  __rtentry.o(.ARM.Collect$$rtentry$$00000000)
    __rt_entry_presh_1                       0x0800018f   Thumb Code     0  __rtentry2.o(.ARM.Collect$$rtentry$$00000002)
    __rt_entry_sh                            0x0800018f   Thumb Code     0  __rtentry4.o(.ARM.Collect$$rtentry$$00000004)
    __rt_entry_li                            0x08000195   Thumb Code     0  __rtentry2.o(.ARM.Collect$$rtentry$$0000000A)
    __rt_entry_postsh_1                      0x08000195   Thumb Code     0  __rtentry2.o(.ARM.Collect$$rtentry$$00000009)
    __rt_entry_main                          0x08000199   Thumb Code     0  __rtentry2.o(.ARM.Collect$$rtentry$$0000000D)
    __rt_entry_postli_1                      0x08000199   Thumb Code     0  __rtentry2.o(.ARM.Collect$$rtentry$$0000000C)
    __rt_exit                                0x080001a1   Thumb Code     0  rtexit.o(.ARM.Collect$$rtexit$$00000000)
    __rt_exit_ls                             0x080001a3   Thumb Code     0  rtexit2.o(.ARM.Collect$$rtexit$$00000003)
    __rt_exit_prels_1                        0x080001a3   Thumb Code     0  rtexit2.o(.ARM.Collect$$rtexit$$00000002)
    __rt_exit_exit                           0x080001a7   Thumb Code     0  rtexit2.o(.ARM.Collect$$rtexit$$00000004)
    Reset_Handler                            0x080001ad   Thumb Code     8  startup_stm32f10x_md.o(.text)
    NMI_Handler                              0x080001b5   Thumb Code     2  startup_stm32f10x_md.o(.text)
    HardFault_Handler                        0x080001b7   Thumb Code     2  startup_stm32f10x_md.o(.text)
    MemManage_Handler                        0x080001b9   Thumb Code     2  startup_stm32f10x_md.o(.text)
    BusFault_Handler                         0x080001bb   Thumb Code     2  startup_stm32f10x_md.o(.text)
    UsageFault_Handler                       0x080001bd   Thumb Code     2  startup_stm32f10x_md.o(.text)
    SVC_Handler                              0x080001bf   Thumb Code     2  startup_stm32f10x_md.o(.text)
    DebugMon_Handler                         0x080001c1   Thumb Code     2  startup_stm32f10x_md.o(.text)
    PendSV_Handler                           0x080001c3   Thumb Code     2  startup_stm32f10x_md.o(.text)
    SysTick_Handler                          0x080001c5   Thumb Code     2  startup_stm32f10x_md.o(.text)
    ADC1_2_IRQHandler                        0x080001c7   Thumb Code     0  startup_stm32f10x_md.o(.text)
    CAN1_RX1_IRQHandler                      0x080001c7   Thumb Code     0  startup_stm32f10x_md.o(.text)
    CAN1_SCE_IRQHandler                      0x080001c7   Thumb Code     0  startup_stm32f10x_md.o(.text)
    DMA1_Channel1_IRQHandler                 0x080001c7   Thumb Code     0  startup_stm32f10x_md.o(.text)
    DMA1_Channel2_IRQHandler                 0x080001c7   Thumb Code     0  startup_stm32f10x_md.o(.text)
    DMA1_Channel3_IRQHandler                 0x080001c7   Thumb Code     0  startup_stm32f10x_md.o(.text)
    DMA1_Channel4_IRQHandler                 0x080001c7   Thumb Code     0  startup_stm32f10x_md.o(.text)
    DMA1_Channel5_IRQHandler                 0x080001c7   Thumb Code     0  startup_stm32f10x_md.o(.text)
    DMA1_Channel6_IRQHandler                 0x080001c7   Thumb Code     0  startup_stm32f10x_md.o(.text)
    DMA1_Channel7_IRQHandler                 0x080001c7   Thumb Code     0  startup_stm32f10x_md.o(.text)
    EXTI0_IRQHandler                         0x080001c7   Thumb Code     0  startup_stm32f10x_md.o(.text)
    EXTI15_10_IRQHandler                     0x080001c7   Thumb Code     0  startup_stm32f10x_md.o(.text)
    EXTI1_IRQHandler                         0x080001c7   Thumb Code     0  startup_stm32f10x_md.o(.text)
    EXTI2_IRQHandler                         0x080001c7   Thumb Code     0  startup_stm32f10x_md.o(.text)
    EXTI3_IRQHandler                         0x080001c7   Thumb Code     0  startup_stm32f10x_md.o(.text)
    EXTI4_IRQHandler                         0x080001c7   Thumb Code     0  startup_stm32f10x_md.o(.text)
    EXTI9_5_IRQHandler                       0x080001c7   Thumb Code     0  startup_stm32f10x_md.o(.text)
    FLASH_IRQHandler                         0x080001c7   Thumb Code     0  startup_stm32f10x_md.o(.text)
    I2C1_ER_IRQHandler                       0x080001c7   Thumb Code     0  startup_stm32f10x_md.o(.text)
    I2C1_EV_IRQHandler                       0x080001c7   Thumb Code     0  startup_stm32f10x_md.o(.text)
    I2C2_ER_IRQHandler                       0x080001c7   Thumb Code     0  startup_stm32f10x_md.o(.text)
    I2C2_EV_IRQHandler                       0x080001c7   Thumb Code     0  startup_stm32f10x_md.o(.text)
    PVD_IRQHandler                           0x080001c7   Thumb Code     0  startup_stm32f10x_md.o(.text)
    RCC_IRQHandler                           0x080001c7   Thumb Code     0  startup_stm32f10x_md.o(.text)
    RTCAlarm_IRQHandler                      0x080001c7   Thumb Code     0  startup_stm32f10x_md.o(.text)
    RTC_IRQHandler                           0x080001c7   Thumb Code     0  startup_stm32f10x_md.o(.text)
    SPI1_IRQHandler                          0x080001c7   Thumb Code     0  startup_stm32f10x_md.o(.text)
    SPI2_IRQHandler                          0x080001c7   Thumb Code     0  startup_stm32f10x_md.o(.text)
    TAMPER_IRQHandler                        0x080001c7   Thumb Code     0  startup_stm32f10x_md.o(.text)
    TIM1_BRK_IRQHandler                      0x080001c7   Thumb Code     0  startup_stm32f10x_md.o(.text)
    TIM1_CC_IRQHandler                       0x080001c7   Thumb Code     0  startup_stm32f10x_md.o(.text)
    TIM1_TRG_COM_IRQHandler                  0x080001c7   Thumb Code     0  startup_stm32f10x_md.o(.text)
    TIM1_UP_IRQHandler                       0x080001c7   Thumb Code     0  startup_stm32f10x_md.o(.text)
    TIM2_IRQHandler                          0x080001c7   Thumb Code     0  startup_stm32f10x_md.o(.text)
    TIM3_IRQHandler                          0x080001c7   Thumb Code     0  startup_stm32f10x_md.o(.text)
    TIM4_IRQHandler                          0x080001c7   Thumb Code     0  startup_stm32f10x_md.o(.text)
    USART3_IRQHandler                        0x080001c7   Thumb Code     0  startup_stm32f10x_md.o(.text)
    USBWakeUp_IRQHandler                     0x080001c7   Thumb Code     0  startup_stm32f10x_md.o(.text)
    USB_HP_CAN1_TX_IRQHandler                0x080001c7   Thumb Code     0  startup_stm32f10x_md.o(.text)
    USB_LP_CAN1_RX0_IRQHandler               0x080001c7   Thumb Code     0  startup_stm32f10x_md.o(.text)
    WWDG_IRQHandler                          0x080001c7   Thumb Code     0  startup_stm32f10x_md.o(.text)
    __user_initial_stackheap                 0x080001c9   Thumb Code     0  startup_stm32f10x_md.o(.text)
    __2sprintf                               0x080001ed   Thumb Code    34  noretval__2sprintf.o(.text)
    __printf                                 0x08000215   Thumb Code   104  __printf.o(.text)
    atoi                                     0x0800027d   Thumb Code    26  atoi.o(.text)
    strtok                                   0x08000299   Thumb Code     6  strtok.o(.text)
    strlen                                   0x080002a5   Thumb Code    62  strlen.o(.text)
    __aeabi_memclr4                          0x080002e3   Thumb Code     0  rt_memclr_w.o(.text)
    __aeabi_memclr8                          0x080002e3   Thumb Code     0  rt_memclr_w.o(.text)
    __rt_memclr_w                            0x080002e3   Thumb Code    78  rt_memclr_w.o(.text)
    _memset_w                                0x080002e7   Thumb Code     0  rt_memclr_w.o(.text)
    __use_two_region_memory                  0x08000331   Thumb Code     2  heapauxi.o(.text)
    __rt_heap_escrow$2region                 0x08000333   Thumb Code     2  heapauxi.o(.text)
    __rt_heap_expand$2region                 0x08000335   Thumb Code     2  heapauxi.o(.text)
    __aeabi_errno_addr                       0x08000339   Thumb Code     8  rt_errno_addr_intlibspace.o(.text)
    __errno$intlibspace                      0x08000339   Thumb Code     0  rt_errno_addr_intlibspace.o(.text)
    __rt_errno_addr$intlibspace              0x08000339   Thumb Code     0  rt_errno_addr_intlibspace.o(.text)
    __read_errno                             0x08000341   Thumb Code    10  _rserrno.o(.text)
    __set_errno                              0x0800034b   Thumb Code    12  _rserrno.o(.text)
    __lib_sel_fp_printf                      0x08000357   Thumb Code     2  _printf_fp_dec.o(.text)
    _printf_fp_dec_real                      0x08000505   Thumb Code   620  _printf_fp_dec.o(.text)
    _printf_char_common                      0x0800077b   Thumb Code    32  _printf_char_common.o(.text)
    _sputc                                   0x080007a1   Thumb Code    10  _sputc.o(.text)
    __strtod_int                             0x080007e9   Thumb Code    88  strtod.o(.text)
    strtol                                   0x0800084d   Thumb Code   112  strtol.o(.text)
    __strtok_internal                        0x080008bd   Thumb Code    64  strtok_int.o(.text)
    __user_libspace                          0x08000901   Thumb Code     8  libspace.o(.text)
    __user_perproc_libspace                  0x08000901   Thumb Code     0  libspace.o(.text)
    __user_perthread_libspace                0x08000901   Thumb Code     0  libspace.o(.text)
    __rt_ctype_table                         0x08000909   Thumb Code    16  rt_ctype_table.o(.text)
    __rt_locale                              0x08000919   Thumb Code     8  rt_locale_intlibspace.o(.text)
    _ll_udiv10                               0x08000921   Thumb Code   138  lludiv10.o(.text)
    isspace                                  0x080009ab   Thumb Code    18  isspace.o(.text)
    _printf_fp_infnan                        0x080009bd   Thumb Code   112  _printf_fp_infnan.o(.text)
    _sgetc                                   0x08000a3d   Thumb Code    30  _sgetc.o(.text)
    _sbackspace                              0x08000a5b   Thumb Code    34  _sgetc.o(.text)
    _strtoul                                 0x08000a7d   Thumb Code   158  _strtoul.o(.text)
    _btod_etento                             0x08000b1d   Thumb Code   216  bigflt0.o(.text)
    strcspn                                  0x08000bf9   Thumb Code    32  strcspn.o(.text)
    strspn                                   0x08000c19   Thumb Code    28  strspn.o(.text)
    __user_setup_stackheap                   0x08000c35   Thumb Code    74  sys_stackheap_outer.o(.text)
    _chval                                   0x08000c7f   Thumb Code    28  _chval.o(.text)
    _scanf_really_real                       0x08000e99   Thumb Code   668  scanf_fp.o(.text)
    exit                                     0x08001141   Thumb Code    18  exit.o(.text)
    strcmp                                   0x08001155   Thumb Code   128  strcmpv7m.o(.text)
    _scanf_really_hex_real                   0x080011d5   Thumb Code   778  scanf_hexfp.o(.text)
    _scanf_really_infnan                     0x080014ed   Thumb Code   292  scanf_infnan.o(.text)
    _sys_exit                                0x08001621   Thumb Code     8  sys_exit.o(.text)
    __aeabi_llsl                             0x0800162d   Thumb Code     0  llshl.o(.text)
    _ll_shift_l                              0x0800162d   Thumb Code    38  llshl.o(.text)
    __I$use$semihosting                      0x08001653   Thumb Code     0  use_no_semi.o(.text)
    __use_no_semihosting_swi                 0x08001653   Thumb Code     2  use_no_semi.o(.text)
    __semihosting_library_function           0x08001655   Thumb Code     0  indicate_semi.o(.text)
    _btod_d2e                                0x08001655   Thumb Code    62  btod.o(CL$$btod_d2e)
    _d2e_denorm_low                          0x08001693   Thumb Code    70  btod.o(CL$$btod_d2e_denorm_low)
    _d2e_norm_op1                            0x080016d9   Thumb Code    96  btod.o(CL$$btod_d2e_norm_op1)
    __btod_div_common                        0x08001739   Thumb Code   696  btod.o(CL$$btod_div_common)
    _e2d                                     0x08001a71   Thumb Code    80  btod.o(CL$$btod_e2d)
    _e2e                                     0x08001ac5   Thumb Code   198  btod.o(CL$$btod_e2e)
    _btod_ediv                               0x08001b8b   Thumb Code    40  btod.o(CL$$btod_ediv)
    _btod_edivd                              0x08001bb3   Thumb Code    40  btod.o(CL$$btod_edivd)
    _btod_emul                               0x08001bdb   Thumb Code    40  btod.o(CL$$btod_emul)
    _btod_emuld                              0x08001c03   Thumb Code    40  btod.o(CL$$btod_emuld)
    __btod_mult_common                       0x08001c2b   Thumb Code   580  btod.o(CL$$btod_mult_common)
    Comm_SendStringIn_tx_Buff                0x08001e6f   Thumb Code    22  comm_uart.o(i.Comm_SendStringIn_tx_Buff)
    Comm_StoreIn_rx_Buff                     0x08001e85   Thumb Code    40  comm_uart.o(i.Comm_StoreIn_rx_Buff)
    Comm_StoreIn_tx_Buff                     0x08001eb1   Thumb Code    62  comm_uart.o(i.Comm_StoreIn_tx_Buff)
    Comm_UART_Init                           0x08001ef9   Thumb Code    80  comm_uart.o(i.Comm_UART_Init)
    DelayMillis                              0x08001f55   Thumb Code    30  bsp.o(i.DelayMillis)
    DelayMs                                  0x08001f79   Thumb Code    18  bsp.o(i.DelayMs)
    GPGGA_Parser                             0x08001f8d   Thumb Code   142  application.o(i.GPGGA_Parser)
    GPRMC_Parser                             0x08002025   Thumb Code   244  application.o(i.GPRMC_Parser)
    GPS_App_GetData                          0x08002121   Thumb Code   150  application.o(i.GPS_App_GetData)
    GPS_CheckForString                       0x080021e5   Thumb Code   132  gps_uart.o(i.GPS_CheckForString)
    GPS_CopyFrame                            0x0800226d   Thumb Code   288  gps_uart.o(i.GPS_CopyFrame)
    GPS_StoreIn_rx_Buff                      0x08002391   Thumb Code    50  gps_uart.o(i.GPS_StoreIn_rx_Buff)
    GPS_UART_Flush                           0x080023c9   Thumb Code    26  gps_uart.o(i.GPS_UART_Flush)
    GPS_UART_Init                            0x080023e9   Thumb Code    78  gps_uart.o(i.GPS_UART_Init)
    SystemInit                               0x0800252d   Thumb Code    78  system_stm32f10x.o(i.SystemInit)
    USART1_IRQHandler                        0x0800258d   Thumb Code   122  comm_uart.o(i.USART1_IRQHandler)
    USART2_IRQHandler                        0x08002611   Thumb Code   134  gps_uart.o(i.USART2_IRQHandler)
    __ARM_fpclassify                         0x080026a5   Thumb Code    40  fpclassify.o(i.__ARM_fpclassify)
    __mathlib_dbl_overflow                   0x080026cd   Thumb Code    14  dunder.o(i.__mathlib_dbl_overflow)
    __mathlib_dbl_underflow                  0x080026dd   Thumb Code    10  dunder.o(i.__mathlib_dbl_underflow)
    __mathlib_narrow                         0x080026ed   Thumb Code    16  narrow.o(i.__mathlib_narrow)
    __mathlib_tofloat                        0x080026fd   Thumb Code   132  narrow.o(i.__mathlib_tofloat)
    __support_ldexp                          0x08002785   Thumb Code    22  ldexp.o(i.__support_ldexp)
    _is_digit                                0x0800279b   Thumb Code    14  __printf_wp.o(i._is_digit)
    atof                                     0x080027a9   Thumb Code    42  atof.o(i.atof)
    frexp                                    0x080027d5   Thumb Code    80  frexp.o(i.frexp)
    getCoOrdinatesInDegree                   0x0800282d   Thumb Code    88  application.o(i.getCoOrdinatesInDegree)
    ldexp                                    0x0800288d   Thumb Code   116  ldexp.o(i.ldexp)
    main                                     0x08002901   Thumb Code    28  main.o(i.main)
    systick_init                             0x0800291d   Thumb Code    30  bsp.o(i.systick_init)
    _get_lc_numeric                          0x0800293d   Thumb Code    44  lc_numeric_c.o(locale$$code)
    _get_lc_ctype                            0x08002969   Thumb Code    44  lc_ctype_c.o(locale$$code)
    __aeabi_d2f                              0x08002995   Thumb Code     0  d2f.o(x$fpl$d2f)
    _d2f                                     0x08002995   Thumb Code    98  d2f.o(x$fpl$d2f)
    __fpl_dcheck_NaN1                        0x080029f9   Thumb Code    10  dcheck1.o(x$fpl$dcheck1)
    __fpl_dcmp_Inf                           0x08002a09   Thumb Code    24  dcmpi.o(x$fpl$dcmpinf)
    __aeabi_cdcmpeq                          0x08002a21   Thumb Code     0  deqf.o(x$fpl$deqf)
    _dcmpeq                                  0x08002a21   Thumb Code   120  deqf.o(x$fpl$deqf)
    __aeabi_d2uiz                            0x08002a99   Thumb Code     0  dfixu.o(x$fpl$dfixu)
    _dfixu                                   0x08002a99   Thumb Code    90  dfixu.o(x$fpl$dfixu)
    __aeabi_cdcmple                          0x08002af5   Thumb Code     0  dleqf.o(x$fpl$dleqf)
    _dcmple                                  0x08002af5   Thumb Code   120  dleqf.o(x$fpl$dleqf)
    __fpl_dcmple_InfNaN                      0x08002b57   Thumb Code     0  dleqf.o(x$fpl$dleqf)
    __fpl_dnaninf                            0x08002b6d   Thumb Code   156  dnaninf.o(x$fpl$dnaninf)
    __fpl_dretinf                            0x08002c09   Thumb Code    12  dretinf.o(x$fpl$dretinf)
    __aeabi_cdrcmple                         0x08002c15   Thumb Code     0  drleqf.o(x$fpl$drleqf)
    _drcmple                                 0x08002c15   Thumb Code   108  drleqf.o(x$fpl$drleqf)
    __aeabi_f2d                              0x08002c81   Thumb Code     0  f2d.o(x$fpl$f2d)
    _f2d                                     0x08002c81   Thumb Code    86  f2d.o(x$fpl$f2d)
    __aeabi_fadd                             0x08002cd9   Thumb Code     0  faddsub_clz.o(x$fpl$fadd)
    _fadd                                    0x08002cd9   Thumb Code   196  faddsub_clz.o(x$fpl$fadd)
    __aeabi_fdiv                             0x08002d9d   Thumb Code     0  fdiv.o(x$fpl$fdiv)
    _fdiv                                    0x08002d9d   Thumb Code   384  fdiv.o(x$fpl$fdiv)
    __aeabi_f2iz                             0x08002f21   Thumb Code     0  ffix.o(x$fpl$ffix)
    _ffix                                    0x08002f21   Thumb Code    54  ffix.o(x$fpl$ffix)
    __aeabi_i2f                              0x08002f59   Thumb Code     0  fflt_clz.o(x$fpl$fflt)
    _fflt                                    0x08002f59   Thumb Code    48  fflt_clz.o(x$fpl$fflt)
    __aeabi_fmul                             0x08002f89   Thumb Code     0  fmul.o(x$fpl$fmul)
    _fmul                                    0x08002f89   Thumb Code   258  fmul.o(x$fpl$fmul)
    __fpl_fnaninf                            0x0800308b   Thumb Code   140  fnaninf.o(x$fpl$fnaninf)
    __fpl_fretinf                            0x08003117   Thumb Code    10  fretinf.o(x$fpl$fretinf)
    __aeabi_fsub                             0x08003121   Thumb Code     0  faddsub_clz.o(x$fpl$fsub)
    _fsub                                    0x08003121   Thumb Code   234  faddsub_clz.o(x$fpl$fsub)
    _printf_fp_dec                           0x0800320b   Thumb Code     4  printf1.o(x$fpl$printf1)
    __fpl_return_NaN                         0x0800320f   Thumb Code   100  retnan.o(x$fpl$retnan)
    __ARM_scalbn                             0x08003273   Thumb Code    92  scalbn.o(x$fpl$scalbn)
    _scanf_real                              0x080032cf   Thumb Code     4  scanf1.o(x$fpl$scanf1)
    _scanf_hex_real                          0x080032d3   Thumb Code     4  scanf2.o(x$fpl$scanf2)
    _scanf_infnan                            0x080032d7   Thumb Code     4  scanf2.o(x$fpl$scanf2)
    __fpl_cmpreturn                          0x080032db   Thumb Code    48  trapv.o(x$fpl$trapveneer)
    __I$use$fp                               0x0800330a   Number         0  usenofp.o(x$fpl$usenofp)
    Region$$Table$$Base                      0x080033a0   Number         0  anon$$obj.o(Region$$Table)
    Region$$Table$$Limit                     0x080033c0   Number         0  anon$$obj.o(Region$$Table)
    __aeabi_HUGE_VAL                         0x080033c0   Data           0  fpconst.o(c$$dinf)
    __aeabi_HUGE_VALL                        0x080033c0   Data           0  fpconst.o(c$$dinf)
    __aeabi_INFINITY                         0x080033c0   Data           0  fpconst.o(c$$dinf)
    __dInf                                   0x080033c0   Data           0  fpconst.o(c$$dinf)
    __huge_val                               0x080033c0   Data           0  fpconst.o(c$$dinf)
    __ctype                                  0x080033f1   Data           0  lc_ctype_c.o(locale$$data)
    GPGGA_data                               0x20000000   Data           8  application.o(.data)
    comm_rx                                  0x2000000c   Data        1008  comm_uart.o(.bss)
    comm_tx                                  0x200003fc   Data        1008  comm_uart.o(.bss)
    GPS_rx                                   0x200007ec   Data         312  gps_uart.o(.bss)
    GPS_tx                                   0x20000924   Data         312  gps_uart.o(.bss)
    DEBUG1                                   0x20000a5c   Data         100  gps_uart.o(.bss)
    string_buffer                            0x20000ac0   Data         200  gps_uart.o(.bss)
    GPRMC_data                               0x20000b88   Data          28  application.o(.bss)
    debug                                    0x20000ba4   Data         100  application.o(.bss)
    saveBuffer                               0x20000c08   Data         300  application.o(.bss)
    __libspace_start                         0x20000d34   Data          96  libspace.o(.bss)
    __temporary_stack_top$libspace           0x20000d94   Data           0  libspace.o(.bss)



==============================================================================

Memory Map of the image

  Image Entry point : 0x080000ed

  Load Region LR_IROM1 (Base: 0x08000000, Size: 0x00003500, Max: 0x00010000, ABSOLUTE)

    Execution Region ER_IROM1 (Base: 0x08000000, Size: 0x000034f4, Max: 0x00010000, ABSOLUTE)

    Base Addr    Size         Type   Attr      Idx    E Section Name        Object

    0x08000000   0x000000ec   Data   RO          340    RESET               startup_stm32f10x_md.o
    0x080000ec   0x00000008   Code   RO          432  * !!!main             c_w.l(__main.o)
    0x080000f4   0x00000034   Code   RO          800    !!!scatter          c_w.l(__scatter.o)
    0x08000128   0x0000001a   Code   RO          802    !!handler_copy      c_w.l(__scatter_copy.o)
    0x08000142   0x00000002   PAD
    0x08000144   0x0000001c   Code   RO          804    !!handler_zi        c_w.l(__scatter_zi.o)
    0x08000160   0x00000000   Code   RO          420    .ARM.Collect$$_printf_percent$$00000000  c_w.l(_printf_percent.o)
    0x08000160   0x00000006   Code   RO          419    .ARM.Collect$$_printf_percent$$00000003  c_w.l(_printf_f.o)
    0x08000166   0x00000004   Code   RO          484    .ARM.Collect$$_printf_percent$$00000017  c_w.l(_printf_percent_end.o)
    0x0800016a   0x00000002   Code   RO          593    .ARM.Collect$$libinit$$00000000  c_w.l(libinit.o)
    0x0800016c   0x00000000   Code   RO          595    .ARM.Collect$$libinit$$00000002  c_w.l(libinit2.o)
    0x0800016c   0x00000000   Code   RO          597    .ARM.Collect$$libinit$$00000004  c_w.l(libinit2.o)
    0x0800016c   0x00000000   Code   RO          600    .ARM.Collect$$libinit$$0000000A  c_w.l(libinit2.o)
    0x0800016c   0x00000000   Code   RO          602    .ARM.Collect$$libinit$$0000000C  c_w.l(libinit2.o)
    0x0800016c   0x00000000   Code   RO          604    .ARM.Collect$$libinit$$0000000E  c_w.l(libinit2.o)
    0x0800016c   0x00000006   Code   RO          605    .ARM.Collect$$libinit$$0000000F  c_w.l(libinit2.o)
    0x08000172   0x00000000   Code   RO          607    .ARM.Collect$$libinit$$00000011  c_w.l(libinit2.o)
    0x08000172   0x0000000c   Code   RO          608    .ARM.Collect$$libinit$$00000012  c_w.l(libinit2.o)
    0x0800017e   0x00000000   Code   RO          609    .ARM.Collect$$libinit$$00000013  c_w.l(libinit2.o)
    0x0800017e   0x00000000   Code   RO          611    .ARM.Collect$$libinit$$00000015  c_w.l(libinit2.o)
    0x0800017e   0x0000000a   Code   RO          612    .ARM.Collect$$libinit$$00000016  c_w.l(libinit2.o)
    0x08000188   0x00000000   Code   RO          613    .ARM.Collect$$libinit$$00000017  c_w.l(libinit2.o)
    0x08000188   0x00000000   Code   RO          615    .ARM.Collect$$libinit$$00000019  c_w.l(libinit2.o)
    0x08000188   0x00000000   Code   RO          617    .ARM.Collect$$libinit$$0000001B  c_w.l(libinit2.o)
    0x08000188   0x00000000   Code   RO          619    .ARM.Collect$$libinit$$0000001D  c_w.l(libinit2.o)
    0x08000188   0x00000000   Code   RO          621    .ARM.Collect$$libinit$$0000001F  c_w.l(libinit2.o)
    0x08000188   0x00000000   Code   RO          623    .ARM.Collect$$libinit$$00000021  c_w.l(libinit2.o)
    0x08000188   0x00000000   Code   RO          625    .ARM.Collect$$libinit$$00000023  c_w.l(libinit2.o)
    0x08000188   0x00000000   Code   RO          627    .ARM.Collect$$libinit$$00000025  c_w.l(libinit2.o)
    0x08000188   0x00000000   Code   RO          631    .ARM.Collect$$libinit$$0000002C  c_w.l(libinit2.o)
    0x08000188   0x00000000   Code   RO          633    .ARM.Collect$$libinit$$0000002E  c_w.l(libinit2.o)
    0x08000188   0x00000000   Code   RO          635    .ARM.Collect$$libinit$$00000030  c_w.l(libinit2.o)
    0x08000188   0x00000000   Code   RO          637    .ARM.Collect$$libinit$$00000032  c_w.l(libinit2.o)
    0x08000188   0x00000002   Code   RO          638    .ARM.Collect$$libinit$$00000033  c_w.l(libinit2.o)
    0x0800018a   0x00000002   Code   RO          697    .ARM.Collect$$libshutdown$$00000000  c_w.l(libshutdown.o)
    0x0800018c   0x00000000   Code   RO          726    .ARM.Collect$$libshutdown$$00000002  c_w.l(libshutdown2.o)
    0x0800018c   0x00000000   Code   RO          728    .ARM.Collect$$libshutdown$$00000004  c_w.l(libshutdown2.o)
    0x0800018c   0x00000000   Code   RO          731    .ARM.Collect$$libshutdown$$00000007  c_w.l(libshutdown2.o)
    0x0800018c   0x00000000   Code   RO          734    .ARM.Collect$$libshutdown$$0000000A  c_w.l(libshutdown2.o)
    0x0800018c   0x00000000   Code   RO          736    .ARM.Collect$$libshutdown$$0000000C  c_w.l(libshutdown2.o)
    0x0800018c   0x00000000   Code   RO          739    .ARM.Collect$$libshutdown$$0000000F  c_w.l(libshutdown2.o)
    0x0800018c   0x00000002   Code   RO          740    .ARM.Collect$$libshutdown$$00000010  c_w.l(libshutdown2.o)
    0x0800018e   0x00000000   Code   RO          470    .ARM.Collect$$rtentry$$00000000  c_w.l(__rtentry.o)
    0x0800018e   0x00000000   Code   RO          504    .ARM.Collect$$rtentry$$00000002  c_w.l(__rtentry2.o)
    0x0800018e   0x00000006   Code   RO          516    .ARM.Collect$$rtentry$$00000004  c_w.l(__rtentry4.o)
    0x08000194   0x00000000   Code   RO          506    .ARM.Collect$$rtentry$$00000009  c_w.l(__rtentry2.o)
    0x08000194   0x00000004   Code   RO          507    .ARM.Collect$$rtentry$$0000000A  c_w.l(__rtentry2.o)
    0x08000198   0x00000000   Code   RO          509    .ARM.Collect$$rtentry$$0000000C  c_w.l(__rtentry2.o)
    0x08000198   0x00000008   Code   RO          510    .ARM.Collect$$rtentry$$0000000D  c_w.l(__rtentry2.o)
    0x080001a0   0x00000002   Code   RO          639    .ARM.Collect$$rtexit$$00000000  c_w.l(rtexit.o)
    0x080001a2   0x00000000   Code   RO          661    .ARM.Collect$$rtexit$$00000002  c_w.l(rtexit2.o)
    0x080001a2   0x00000004   Code   RO          662    .ARM.Collect$$rtexit$$00000003  c_w.l(rtexit2.o)
    0x080001a6   0x00000006   Code   RO          663    .ARM.Collect$$rtexit$$00000004  c_w.l(rtexit2.o)
    0x080001ac   0x00000040   Code   RO          341    .text               startup_stm32f10x_md.o
    0x080001ec   0x00000028   Code   RO          395    .text               c_w.l(noretval__2sprintf.o)
    0x08000214   0x00000068   Code   RO          397    .text               c_w.l(__printf.o)
    0x0800027c   0x0000001a   Code   RO          421    .text               c_w.l(atoi.o)
    0x08000296   0x00000002   PAD
    0x08000298   0x0000000c   Code   RO          423    .text               c_w.l(strtok.o)
    0x080002a4   0x0000003e   Code   RO          426    .text               c_w.l(strlen.o)
    0x080002e2   0x0000004e   Code   RO          428    .text               c_w.l(rt_memclr_w.o)
    0x08000330   0x00000006   Code   RO          430    .text               c_w.l(heapauxi.o)
    0x08000336   0x00000002   PAD
    0x08000338   0x00000008   Code   RO          474    .text               c_w.l(rt_errno_addr_intlibspace.o)
    0x08000340   0x00000016   Code   RO          476    .text               c_w.l(_rserrno.o)
    0x08000356   0x0000041a   Code   RO          478    .text               c_w.l(_printf_fp_dec.o)
    0x08000770   0x00000030   Code   RO          480    .text               c_w.l(_printf_char_common.o)
    0x080007a0   0x0000000a   Code   RO          482    .text               c_w.l(_sputc.o)
    0x080007aa   0x00000002   PAD
    0x080007ac   0x000000a0   Code   RO          485    .text               c_w.l(strtod.o)
    0x0800084c   0x00000070   Code   RO          487    .text               c_w.l(strtol.o)
    0x080008bc   0x00000044   Code   RO          489    .text               c_w.l(strtok_int.o)
    0x08000900   0x00000008   Code   RO          500    .text               c_w.l(libspace.o)
    0x08000908   0x00000010   Code   RO          518    .text               c_w.l(rt_ctype_table.o)
    0x08000918   0x00000008   Code   RO          523    .text               c_w.l(rt_locale_intlibspace.o)
    0x08000920   0x0000008a   Code   RO          525    .text               c_w.l(lludiv10.o)
    0x080009aa   0x00000012   Code   RO          527    .text               c_w.l(isspace.o)
    0x080009bc   0x00000080   Code   RO          529    .text               c_w.l(_printf_fp_infnan.o)
    0x08000a3c   0x00000040   Code   RO          533    .text               c_w.l(_sgetc.o)
    0x08000a7c   0x0000009e   Code   RO          535    .text               c_w.l(_strtoul.o)
    0x08000b1a   0x00000002   PAD
    0x08000b1c   0x000000dc   Code   RO          537    .text               c_w.l(bigflt0.o)
    0x08000bf8   0x00000020   Code   RO          565    .text               c_w.l(strcspn.o)
    0x08000c18   0x0000001c   Code   RO          567    .text               c_w.l(strspn.o)
    0x08000c34   0x0000004a   Code   RO          575    .text               c_w.l(sys_stackheap_outer.o)
    0x08000c7e   0x0000001c   Code   RO          577    .text               c_w.l(_chval.o)
    0x08000c9a   0x00000002   PAD
    0x08000c9c   0x000004a4   Code   RO          579    .text               c_w.l(scanf_fp.o)
    0x08001140   0x00000012   Code   RO          584    .text               c_w.l(exit.o)
    0x08001152   0x00000002   PAD
    0x08001154   0x00000080   Code   RO          586    .text               c_w.l(strcmpv7m.o)
    0x080011d4   0x00000318   Code   RO          667    .text               c_w.l(scanf_hexfp.o)
    0x080014ec   0x00000134   Code   RO          669    .text               c_w.l(scanf_infnan.o)
    0x08001620   0x0000000c   Code   RO          685    .text               c_w.l(sys_exit.o)
    0x0800162c   0x00000026   Code   RO          689    .text               c_w.l(llshl.o)
    0x08001652   0x00000002   Code   RO          716    .text               c_w.l(use_no_semi.o)
    0x08001654   0x00000000   Code   RO          718    .text               c_w.l(indicate_semi.o)
    0x08001654   0x0000003e   Code   RO          540    CL$$btod_d2e        c_w.l(btod.o)
    0x08001692   0x00000046   Code   RO          542    CL$$btod_d2e_denorm_low  c_w.l(btod.o)
    0x080016d8   0x00000060   Code   RO          541    CL$$btod_d2e_norm_op1  c_w.l(btod.o)
    0x08001738   0x00000338   Code   RO          550    CL$$btod_div_common  c_w.l(btod.o)
    0x08001a70   0x00000054   Code   RO          548    CL$$btod_e2d        c_w.l(btod.o)
    0x08001ac4   0x000000c6   Code   RO          547    CL$$btod_e2e        c_w.l(btod.o)
    0x08001b8a   0x00000028   Code   RO          544    CL$$btod_ediv       c_w.l(btod.o)
    0x08001bb2   0x00000028   Code   RO          546    CL$$btod_edivd      c_w.l(btod.o)
    0x08001bda   0x00000028   Code   RO          543    CL$$btod_emul       c_w.l(btod.o)
    0x08001c02   0x00000028   Code   RO          545    CL$$btod_emuld      c_w.l(btod.o)
    0x08001c2a   0x00000244   Code   RO          549    CL$$btod_mult_common  c_w.l(btod.o)
    0x08001e6e   0x00000016   Code   RO           83    i.Comm_SendStringIn_tx_Buff  comm_uart.o
    0x08001e84   0x0000002c   Code   RO           84    i.Comm_StoreIn_rx_Buff  comm_uart.o
    0x08001eb0   0x00000048   Code   RO           85    i.Comm_StoreIn_tx_Buff  comm_uart.o
    0x08001ef8   0x0000005c   Code   RO           87    i.Comm_UART_Init    comm_uart.o
    0x08001f54   0x00000024   Code   RO          250    i.DelayMillis       bsp.o
    0x08001f78   0x00000012   Code   RO          251    i.DelayMs           bsp.o
    0x08001f8a   0x00000002   PAD
    0x08001f8c   0x00000098   Code   RO          286    i.GPGGA_Parser      application.o
    0x08002024   0x000000fc   Code   RO          287    i.GPRMC_Parser      application.o
    0x08002120   0x000000c4   Code   RO          288    i.GPS_App_GetData   application.o
    0x080021e4   0x00000088   Code   RO          160    i.GPS_CheckForString  gps_uart.o
    0x0800226c   0x00000124   Code   RO          161    i.GPS_CopyFrame     gps_uart.o
    0x08002390   0x00000038   Code   RO          165    i.GPS_StoreIn_rx_Buff  gps_uart.o
    0x080023c8   0x00000020   Code   RO          167    i.GPS_UART_Flush    gps_uart.o
    0x080023e8   0x0000005c   Code   RO          168    i.GPS_UART_Init     gps_uart.o
    0x08002444   0x00000008   Code   RO          348    i.SetSysClock       system_stm32f10x.o
    0x0800244c   0x000000e0   Code   RO          349    i.SetSysClockTo72   system_stm32f10x.o
    0x0800252c   0x00000060   Code   RO          351    i.SystemInit        system_stm32f10x.o
    0x0800258c   0x00000084   Code   RO           89    i.USART1_IRQHandler  comm_uart.o
    0x08002610   0x00000094   Code   RO          170    i.USART2_IRQHandler  gps_uart.o
    0x080026a4   0x00000028   Code   RO          573    i.__ARM_fpclassify  m_ws.l(fpclassify.o)
    0x080026cc   0x0000000e   Code   RO          747    i.__mathlib_dbl_overflow  m_ws.l(dunder.o)
    0x080026da   0x00000002   PAD
    0x080026dc   0x00000010   Code   RO          749    i.__mathlib_dbl_underflow  m_ws.l(dunder.o)
    0x080026ec   0x00000010   Code   RO          654    i.__mathlib_narrow  m_ws.l(narrow.o)
    0x080026fc   0x00000088   Code   RO          655    i.__mathlib_tofloat  m_ws.l(narrow.o)
    0x08002784   0x00000016   Code   RO          705    i.__support_ldexp   m_ws.l(ldexp.o)
    0x0800279a   0x0000000e   Code   RO          409    i._is_digit         c_w.l(__printf_wp.o)
    0x080027a8   0x0000002a   Code   RO          467    i.atof              m_ws.l(atof.o)
    0x080027d2   0x00000002   PAD
    0x080027d4   0x00000058   Code   RO          680    i.frexp             m_ws.l(frexp.o)
    0x0800282c   0x00000060   Code   RO          290    i.getCoOrdinatesInDegree  application.o
    0x0800288c   0x00000074   Code   RO          706    i.ldexp             m_ws.l(ldexp.o)
    0x08002900   0x0000001c   Code   RO            4    i.main              main.o
    0x0800291c   0x0000001e   Code   RO          252    i.systick_init      bsp.o
    0x0800293a   0x00000002   PAD
    0x0800293c   0x0000002c   Code   RO          563    locale$$code        c_w.l(lc_numeric_c.o)
    0x08002968   0x0000002c   Code   RO          582    locale$$code        c_w.l(lc_ctype_c.o)
    0x08002994   0x00000062   Code   RO          434    x$fpl$d2f           fz_ws.l(d2f.o)
    0x080029f6   0x00000002   PAD
    0x080029f8   0x00000010   Code   RO          741    x$fpl$dcheck1       fz_ws.l(dcheck1.o)
    0x08002a08   0x00000018   Code   RO          698    x$fpl$dcmpinf       fz_ws.l(dcmpi.o)
    0x08002a20   0x00000078   Code   RO          675    x$fpl$deqf          fz_ws.l(deqf.o)
    0x08002a98   0x0000005a   Code   RO          436    x$fpl$dfixu         fz_ws.l(dfixu.o)
    0x08002af2   0x00000002   PAD
    0x08002af4   0x00000078   Code   RO          700    x$fpl$dleqf         fz_ws.l(dleqf.o)
    0x08002b6c   0x0000009c   Code   RO          491    x$fpl$dnaninf       fz_ws.l(dnaninf.o)
    0x08002c08   0x0000000c   Code   RO          493    x$fpl$dretinf       fz_ws.l(dretinf.o)
    0x08002c14   0x0000006c   Code   RO          677    x$fpl$drleqf        fz_ws.l(drleqf.o)
    0x08002c80   0x00000056   Code   RO          440    x$fpl$f2d           fz_ws.l(f2d.o)
    0x08002cd6   0x00000002   PAD
    0x08002cd8   0x000000c4   Code   RO          442    x$fpl$fadd          fz_ws.l(faddsub_clz.o)
    0x08002d9c   0x00000184   Code   RO          449    x$fpl$fdiv          fz_ws.l(fdiv.o)
    0x08002f20   0x00000036   Code   RO          452    x$fpl$ffix          fz_ws.l(ffix.o)
    0x08002f56   0x00000002   PAD
    0x08002f58   0x00000030   Code   RO          457    x$fpl$fflt          fz_ws.l(fflt_clz.o)
    0x08002f88   0x00000102   Code   RO          462    x$fpl$fmul          fz_ws.l(fmul.o)
    0x0800308a   0x0000008c   Code   RO          495    x$fpl$fnaninf       fz_ws.l(fnaninf.o)
    0x08003116   0x0000000a   Code   RO          497    x$fpl$fretinf       fz_ws.l(fretinf.o)
    0x08003120   0x000000ea   Code   RO          444    x$fpl$fsub          fz_ws.l(faddsub_clz.o)
    0x0800320a   0x00000004   Code   RO          464    x$fpl$printf1       fz_ws.l(printf1.o)
    0x0800320e   0x00000064   Code   RO          774    x$fpl$retnan        fz_ws.l(retnan.o)
    0x08003272   0x0000005c   Code   RO          702    x$fpl$scalbn        fz_ws.l(scalbn.o)
    0x080032ce   0x00000004   Code   RO          571    x$fpl$scanf1        fz_ws.l(scanf1.o)
    0x080032d2   0x00000008   Code   RO          648    x$fpl$scanf2        fz_ws.l(scanf2.o)
    0x080032da   0x00000030   Code   RO          780    x$fpl$trapveneer    fz_ws.l(trapv.o)
    0x0800330a   0x00000000   Code   RO          499    x$fpl$usenofp       fz_ws.l(usenofp.o)
    0x0800330a   0x00000002   PAD
    0x0800330c   0x00000094   Data   RO          538    .constdata          c_w.l(bigflt0.o)
    0x080033a0   0x00000020   Data   RO          798    Region$$Table       anon$$obj.o
    0x080033c0   0x00000008   Data   RO          643    c$$dinf             fz_ws.l(fpconst.o)
    0x080033c8   0x0000001c   Data   RO          562    locale$$data        c_w.l(lc_numeric_c.o)
    0x080033e4   0x00000110   Data   RO          581    locale$$data        c_w.l(lc_ctype_c.o)


    Execution Region RW_IRAM1 (Base: 0x20000000, Size: 0x00001398, Max: 0x00005000, ABSOLUTE)

    Base Addr    Size         Type   Attr      Idx    E Section Name        Object

    0x20000000   0x00000008   Data   RW          292    .data               application.o
    0x20000008   0x00000004   Data   RW          424    .data               c_w.l(strtok.o)
    0x2000000c   0x000007e0   Zero   RW           90    .bss                comm_uart.o
    0x200007ec   0x0000039c   Zero   RW          171    .bss                gps_uart.o
    0x20000b88   0x000001ac   Zero   RW          291    .bss                application.o
    0x20000d34   0x00000060   Zero   RW          501    .bss                c_w.l(libspace.o)
    0x20000d94   0x00000004   PAD
    0x20000d98   0x00000200   Zero   RW          339    HEAP                startup_stm32f10x_md.o
    0x20000f98   0x00000400   Zero   RW          338    STACK               startup_stm32f10x_md.o


==============================================================================

Image component sizes


      Code (inc. data)   RO Data    RW Data    ZI Data      Debug   Object Name

       696         72          0          8        428       2894   application.o
        84          6          0          0          0       1243   bsp.o
       362         36          0          0       2016      27628   comm_uart.o
       756         48          0          0        924       4969   gps_uart.o
        28          0          0          0          0     207947   main.o
        64         26        236          0       1536        820   startup_stm32f10x_md.o
       328         28          0          0          0       1989   system_stm32f10x.o

    ----------------------------------------------------------------------
      2322        216        268          8       4904     247490   Object Totals
         0          0         32          0          0          0   (incl. Generated)
         4          0          0          0          0          0   (incl. Padding)

    ----------------------------------------------------------------------

      Code (inc. data)   RO Data    RW Data    ZI Data      Debug   Library Member Name

         8          0          0          0          0         68   __main.o
       104          0          0          0          0         84   __printf.o
        14          0          0          0          0         68   __printf_wp.o
         0          0          0          0          0          0   __rtentry.o
        12          0          0          0          0          0   __rtentry2.o
         6          0          0          0          0          0   __rtentry4.o
        52          8          0          0          0          0   __scatter.o
        26          0          0          0          0          0   __scatter_copy.o
        28          0          0          0          0          0   __scatter_zi.o
        28          0          0          0          0         68   _chval.o
        48          6          0          0          0         96   _printf_char_common.o
         6          0          0          0          0          0   _printf_f.o
      1050          0          0          0          0        216   _printf_fp_dec.o
       128         16          0          0          0         84   _printf_fp_infnan.o
         0          0          0          0          0          0   _printf_percent.o
         4          0          0          0          0          0   _printf_percent_end.o
        22          0          0          0          0        100   _rserrno.o
        64          0          0          0          0         84   _sgetc.o
        10          0          0          0          0         68   _sputc.o
       158          0          0          0          0         92   _strtoul.o
        26          0          0          0          0         80   atoi.o
       220          4        148          0          0         96   bigflt0.o
      2074        132          0          0          0        940   btod.o
        18          0          0          0          0         80   exit.o
         6          0          0          0          0        152   heapauxi.o
         0          0          0          0          0          0   indicate_semi.o
        18          0          0          0          0         76   isspace.o
        44         10        272          0          0         76   lc_ctype_c.o
        44         10         28          0          0         76   lc_numeric_c.o
         2          0          0          0          0          0   libinit.o
        30          0          0          0          0          0   libinit2.o
         2          0          0          0          0          0   libshutdown.o
         2          0          0          0          0          0   libshutdown2.o
         8          4          0          0         96         68   libspace.o
        38          0          0          0          0         68   llshl.o
       138          0          0          0          0         80   lludiv10.o
        40          6          0          0          0         84   noretval__2sprintf.o
        16          4          0          0          0         76   rt_ctype_table.o
         8          4          0          0          0         68   rt_errno_addr_intlibspace.o
         8          4          0          0          0         68   rt_locale_intlibspace.o
        78          0          0          0          0         80   rt_memclr_w.o
         2          0          0          0          0          0   rtexit.o
        10          0          0          0          0          0   rtexit2.o
      1188         12          0          0          0        148   scanf_fp.o
       792         14          0          0          0        100   scanf_hexfp.o
       308         16          0          0          0        100   scanf_infnan.o
       128          0          0          0          0         68   strcmpv7m.o
        32          0          0          0          0         80   strcspn.o
        62          0          0          0          0         76   strlen.o
        28          0          0          0          0         80   strspn.o
       160         12          0          0          0        120   strtod.o
        12          6          0          4          0         68   strtok.o
        68          4          0          0          0         84   strtok_int.o
       112          0          0          0          0         88   strtol.o
        12          4          0          0          0         68   sys_exit.o
        74          0          0          0          0         80   sys_stackheap_outer.o
         2          0          0          0          0         68   use_no_semi.o
        98          4          0          0          0         92   d2f.o
        16          4          0          0          0         68   dcheck1.o
        24          0          0          0          0         68   dcmpi.o
       120          4          0          0          0         92   deqf.o
        90          4          0          0          0         92   dfixu.o
       120          4          0          0          0         92   dleqf.o
       156          4          0          0          0         92   dnaninf.o
        12          0          0          0          0         68   dretinf.o
       108          0          0          0          0         80   drleqf.o
        86          4          0          0          0         84   f2d.o
       430          8          0          0          0        168   faddsub_clz.o
       388         76          0          0          0         96   fdiv.o
        54          4          0          0          0         84   ffix.o
        48          0          0          0          0         68   fflt_clz.o
       258          4          0          0          0         84   fmul.o
       140          4          0          0          0         84   fnaninf.o
         0          0          8          0          0          0   fpconst.o
        10          0          0          0          0         68   fretinf.o
         4          0          0          0          0         68   printf1.o
       100          0          0          0          0         68   retnan.o
        92          0          0          0          0         68   scalbn.o
         4          0          0          0          0         68   scanf1.o
         8          0          0          0          0         84   scanf2.o
        48          0          0          0          0         68   trapv.o
         0          0          0          0          0          0   usenofp.o
        42          0          0          0          0         84   atof.o
        30          6          0          0          0        136   dunder.o
        40          0          0          0          0         68   fpclassify.o
        88          8          0          0          0         76   frexp.o
       138          0          0          0          0        160   ldexp.o
       152          4          0          0          0        168   narrow.o

    ----------------------------------------------------------------------
     10510        418        456          4        100       7020   Library Totals
        28          0          0          0          4          0   (incl. Padding)

    ----------------------------------------------------------------------

      Code (inc. data)   RO Data    RW Data    ZI Data      Debug   Library Name

      7578        276        448          4         96       4424   c_w.l
      2414        124          8          0          0       1904   fz_ws.l
       490         18          0          0          0        692   m_ws.l

    ----------------------------------------------------------------------
     10510        418        456          4        100       7020   Library Totals

    ----------------------------------------------------------------------

==============================================================================


      Code (inc. data)   RO Data    RW Data    ZI Data      Debug   

     12832        634        724         12       5004     249306   Grand Totals
     12832        634        724         12       5004     249306   ELF Image Totals
     12832        634        724         12          0          0   ROM Totals

==============================================================================

    Total RO  Size (Code + RO Data)                13556 (  13.24kB)
    Total RW  Size (RW Data + ZI Data)              5016 (   4.90kB)
    Total ROM Size (Code + RO Data + RW Data)      13568 (  13.25kB)

==============================================================================

